Archive member included to satisfy reference by file (symbol)

c:/st/stm32cubeide_1.4.0/stm32cubeide/plugins/com.st.stm32cube.ide.mcu.externaltools.gnu-tools-for-stm32.9-2020-q2-update.win32_2.0.0.202105311346/tools/bin/../lib/gcc/arm-none-eabi/9.3.1/../../../../arm-none-eabi/lib/thumb/v7e-m+fp/hard\libc_nano.a(lib_a-errno.o)
                              ./Core/Src/syscalls.o (__errno)
c:/st/stm32cubeide_1.4.0/stm32cubeide/plugins/com.st.stm32cube.ide.mcu.externaltools.gnu-tools-for-stm32.9-2020-q2-update.win32_2.0.0.202105311346/tools/bin/../lib/gcc/arm-none-eabi/9.3.1/../../../../arm-none-eabi/lib/thumb/v7e-m+fp/hard\libc_nano.a(lib_a-exit.o)
                              c:/st/stm32cubeide_1.4.0/stm32cubeide/plugins/com.st.stm32cube.ide.mcu.externaltools.gnu-tools-for-stm32.9-2020-q2-update.win32_2.0.0.202105311346/tools/bin/../lib/gcc/arm-none-eabi/9.3.1/../../../../arm-none-eabi/lib/thumb/v7e-m+fp/hard/crt0.o (exit)
c:/st/stm32cubeide_1.4.0/stm32cubeide/plugins/com.st.stm32cube.ide.mcu.externaltools.gnu-tools-for-stm32.9-2020-q2-update.win32_2.0.0.202105311346/tools/bin/../lib/gcc/arm-none-eabi/9.3.1/../../../../arm-none-eabi/lib/thumb/v7e-m+fp/hard\libc_nano.a(lib_a-impure.o)
                              c:/st/stm32cubeide_1.4.0/stm32cubeide/plugins/com.st.stm32cube.ide.mcu.externaltools.gnu-tools-for-stm32.9-2020-q2-update.win32_2.0.0.202105311346/tools/bin/../lib/gcc/arm-none-eabi/9.3.1/../../../../arm-none-eabi/lib/thumb/v7e-m+fp/hard\libc_nano.a(lib_a-exit.o) (_global_impure_ptr)
c:/st/stm32cubeide_1.4.0/stm32cubeide/plugins/com.st.stm32cube.ide.mcu.externaltools.gnu-tools-for-stm32.9-2020-q2-update.win32_2.0.0.202105311346/tools/bin/../lib/gcc/arm-none-eabi/9.3.1/../../../../arm-none-eabi/lib/thumb/v7e-m+fp/hard\libc_nano.a(lib_a-init.o)
                              c:/st/stm32cubeide_1.4.0/stm32cubeide/plugins/com.st.stm32cube.ide.mcu.externaltools.gnu-tools-for-stm32.9-2020-q2-update.win32_2.0.0.202105311346/tools/bin/../lib/gcc/arm-none-eabi/9.3.1/../../../../arm-none-eabi/lib/thumb/v7e-m+fp/hard/crt0.o (__libc_init_array)
c:/st/stm32cubeide_1.4.0/stm32cubeide/plugins/com.st.stm32cube.ide.mcu.externaltools.gnu-tools-for-stm32.9-2020-q2-update.win32_2.0.0.202105311346/tools/bin/../lib/gcc/arm-none-eabi/9.3.1/../../../../arm-none-eabi/lib/thumb/v7e-m+fp/hard\libc_nano.a(lib_a-memcpy-stub.o)
                              ./Middlewares/Third_Party/FreeRTOS/Source/queue.o (memcpy)
c:/st/stm32cubeide_1.4.0/stm32cubeide/plugins/com.st.stm32cube.ide.mcu.externaltools.gnu-tools-for-stm32.9-2020-q2-update.win32_2.0.0.202105311346/tools/bin/../lib/gcc/arm-none-eabi/9.3.1/../../../../arm-none-eabi/lib/thumb/v7e-m+fp/hard\libc_nano.a(lib_a-memset.o)
                              c:/st/stm32cubeide_1.4.0/stm32cubeide/plugins/com.st.stm32cube.ide.mcu.externaltools.gnu-tools-for-stm32.9-2020-q2-update.win32_2.0.0.202105311346/tools/bin/../lib/gcc/arm-none-eabi/9.3.1/../../../../arm-none-eabi/lib/thumb/v7e-m+fp/hard/crt0.o (memset)
c:/st/stm32cubeide_1.4.0/stm32cubeide/plugins/com.st.stm32cube.ide.mcu.externaltools.gnu-tools-for-stm32.9-2020-q2-update.win32_2.0.0.202105311346/tools/bin/../lib/gcc/arm-none-eabi/9.3.1/../../../../arm-none-eabi/lib/thumb/v7e-m+fp/hard\libc_nano.a(lib_a-printf.o)
                              ./Core/Src/main.o (printf)
c:/st/stm32cubeide_1.4.0/stm32cubeide/plugins/com.st.stm32cube.ide.mcu.externaltools.gnu-tools-for-stm32.9-2020-q2-update.win32_2.0.0.202105311346/tools/bin/../lib/gcc/arm-none-eabi/9.3.1/../../../../arm-none-eabi/lib/thumb/v7e-m+fp/hard\libc_nano.a(lib_a-puts.o)
                              ./Core/Src/main.o (puts)
c:/st/stm32cubeide_1.4.0/stm32cubeide/plugins/com.st.stm32cube.ide.mcu.externaltools.gnu-tools-for-stm32.9-2020-q2-update.win32_2.0.0.202105311346/tools/bin/../lib/gcc/arm-none-eabi/9.3.1/../../../../arm-none-eabi/lib/thumb/v7e-m+fp/hard\libc_nano.a(lib_a-strncmp.o)
                              ./Middlewares/TraceRecorder/trcSnapshotRecorder.o (strncmp)
c:/st/stm32cubeide_1.4.0/stm32cubeide/plugins/com.st.stm32cube.ide.mcu.externaltools.gnu-tools-for-stm32.9-2020-q2-update.win32_2.0.0.202105311346/tools/bin/../lib/gcc/arm-none-eabi/9.3.1/../../../../arm-none-eabi/lib/thumb/v7e-m+fp/hard\libc_nano.a(lib_a-wbuf.o)
                              c:/st/stm32cubeide_1.4.0/stm32cubeide/plugins/com.st.stm32cube.ide.mcu.externaltools.gnu-tools-for-stm32.9-2020-q2-update.win32_2.0.0.202105311346/tools/bin/../lib/gcc/arm-none-eabi/9.3.1/../../../../arm-none-eabi/lib/thumb/v7e-m+fp/hard\libc_nano.a(lib_a-puts.o) (__swbuf_r)
c:/st/stm32cubeide_1.4.0/stm32cubeide/plugins/com.st.stm32cube.ide.mcu.externaltools.gnu-tools-for-stm32.9-2020-q2-update.win32_2.0.0.202105311346/tools/bin/../lib/gcc/arm-none-eabi/9.3.1/../../../../arm-none-eabi/lib/thumb/v7e-m+fp/hard\libc_nano.a(lib_a-wsetup.o)
[...]
Memory Configuration

Name             Origin             Length             Attributes
RAM              0x0000000020000000 0x0000000000020000 xrw
FLASH            0x0000000008000000 0x0000000000080000 xr
*default*        0x0000000000000000 0xffffffffffffffff

Linker script and memory map

LOAD c:/st/stm32cubeide_1.4.0/stm32cubeide/plugins/com.st.stm32cube.ide.mcu.externaltools.gnu-tools-for-stm32.9-2020-q2-update.win32_2.0.0.202105311346/tools/bin/../lib/gcc/arm-none-eabi/9.3.1/thumb/v7e-m+fp/hard/crti.o
LOAD c:/st/stm32cubeide_1.4.0/stm32cubeide/plugins/com.st.stm32cube.ide.mcu.externaltools.gnu-tools-for-stm32.9-2020-q2-update.win32_2.0.0.202105311346/tools/bin/../lib/gcc/arm-none-eabi/9.3.1/thumb/v7e-m+fp/hard/crtbegin.o
LOAD c:/st/stm32cubeide_1.4.0/stm32cubeide/plugins/com.st.stm32cube.ide.mcu.externaltools.gnu-tools-for-stm32.9-2020-q2-update.win32_2.0.0.202105311346/tools/bin/../lib/gcc/arm-none-eabi/9.3.1/../../../../arm-none-eabi/lib/thumb/v7e-m+fp/hard/crt0.o
LOAD ./Core/Src/freertos.o
LOAD ./Core/Src/main.o
LOAD ./Core/Src/stm32f4xx_hal_msp.o
LOAD ./Core/Src/stm32f4xx_hal_timebase_tim.o
LOAD ./Core/Src/stm32f4xx_it.o
LOAD ./Core/Src/syscalls.o
LOAD ./Core/Src/sysmem.o
LOAD ./Core/Src/system_stm32f4xx.o
LOAD ./Core/Startup/startup_stm32f446retx.o
LOAD ./Drivers/STM32F4xx_HAL_Driver/Src/stm32f4xx_hal.o
LOAD ./Drivers/STM32F4xx_HAL_Driver/Src/stm32f4xx_hal_cortex.o
LOAD ./Drivers/STM32F4xx_HAL_Driver/Src/stm32f4xx_hal_dma.o
LOAD ./Drivers/STM32F4xx_HAL_Driver/Src/stm32f4xx_hal_dma_ex.o
LOAD ./Drivers/STM32F4xx_HAL_Driver/Src/stm32f4xx_hal_exti.o
LOAD ./Drivers/STM32F4xx_HAL_Driver/Src/stm32f4xx_hal_flash.o
LOAD ./Drivers/STM32F4xx_HAL_Driver/Src/stm32f4xx_hal_flash_ex.o
LOAD ./Drivers/STM32F4xx_HAL_Driver/Src/stm32f4xx_hal_flash_ramfunc.o
LOAD ./Drivers/STM32F4xx_HAL_Driver/Src/stm32f4xx_hal_gpio.o
LOAD ./Drivers/STM32F4xx_HAL_Driver/Src/stm32f4xx_hal_pwr.o
LOAD ./Drivers/STM32F4xx_HAL_Driver/Src/stm32f4xx_hal_pwr_ex.o
LOAD ./Drivers/STM32F4xx_HAL_Driver/Src/stm32f4xx_hal_rcc.o
LOAD ./Drivers/STM32F4xx_HAL_Driver/Src/stm32f4xx_hal_rcc_ex.o
LOAD ./Drivers/STM32F4xx_HAL_Driver/Src/stm32f4xx_hal_tim.o
LOAD ./Drivers/STM32F4xx_HAL_Driver/Src/stm32f4xx_hal_tim_ex.o
LOAD ./Drivers/STM32F4xx_HAL_Driver/Src/stm32f4xx_hal_uart.o
LOAD ./Middlewares/Third_Party/FreeRTOS/Source/CMSIS_RTOS/cmsis_os.o
LOAD ./Middlewares/Third_Party/FreeRTOS/Source/croutine.o
LOAD ./Middlewares/Third_Party/FreeRTOS/Source/event_groups.o
LOAD ./Middlewares/Third_Party/FreeRTOS/Source/list.o
LOAD ./Middlewares/Third_Party/FreeRTOS/Source/queue.o
LOAD ./Middlewares/Third_Party/FreeRTOS/Source/stream_buffer.o
LOAD ./Middlewares/Third_Party/FreeRTOS/Source/tasks.o
LOAD ./Middlewares/Third_Party/FreeRTOS/Source/timers.o
LOAD ./Middlewares/Third_Party/FreeRTOS/Source/portable/GCC/ARM_CM4F/port.o
LOAD ./Middlewares/Third_Party/FreeRTOS/Source/portable/MemMang/heap_4.o
LOAD ./Middlewares/TraceRecorder/extras/SDK/trcSDK.o
LOAD ./Middlewares/TraceRecorder/trcInternalBuffer.o
LOAD ./Middlewares/TraceRecorder/trcKernelPort.o
LOAD ./Middlewares/TraceRecorder/trcSnapshotRecorder.o
LOAD ./Middlewares/TraceRecorder/trcStreamingRecorder.o
START GROUP
LOAD c:/st/stm32cubeide_1.4.0/stm32cubeide/plugins/com.st.stm32cube.ide.mcu.externaltools.gnu-tools-for-stm32.9-2020-q2-update.win32_2.0.0.202105311346/tools/bin/../lib/gcc/arm-none-eabi/9.3.1/../../../../arm-none-eabi/lib/thumb/v7e-m+fp/hard\libc_nano.a
LOAD c:/st/stm32cubeide_1.4.0/stm32cubeide/plugins/com.st.stm32cube.ide.mcu.externaltools.gnu-tools-for-stm32.9-2020-q2-update.win32_2.0.0.202105311346/tools/bin/../lib/gcc/arm-none-eabi/9.3.1/../../../../arm-none-eabi/lib/thumb/v7e-m+fp/hard\libm.a
END GROUP
START GROUP
LOAD c:/st/stm32cubeide_1.4.0/stm32cubeide/plugins/com.st.stm32cube.ide.mcu.externaltools.gnu-tools-for-stm32.9-2020-q2-update.win32_2.0.0.202105311346/tools/bin/../lib/gcc/arm-none-eabi/9.3.1/thumb/v7e-m+fp/hard\libgcc.a
LOAD c:/st/stm32cubeide_1.4.0/stm32cubeide/plugins/com.st.stm32cube.ide.mcu.externaltools.gnu-tools-for-stm32.9-2020-q2-update.win32_2.0.0.202105311346/tools/bin/../lib/gcc/arm-none-eabi/9.3.1/../../../../arm-none-eabi/lib/thumb/v7e-m+fp/hard\libc_nano.a
END GROUP
START GROUP
LOAD c:/st/stm32cubeide_1.4.0/stm32cubeide/plugins/com.st.stm32cube.ide.mcu.externaltools.gnu-tools-for-stm32.9-2020-q2-update.win32_2.0.0.202105311346/tools/bin/../lib/gcc/arm-none-eabi/9.3.1/thumb/v7e-m+fp/hard\libgcc.a
LOAD c:/st/stm32cubeide_1.4.0/stm32cubeide/plugins/com.st.stm32cube.ide.mcu.externaltools.gnu-tools-for-stm32.9-2020-q2-update.win32_2.0.0.202105311346/tools/bin/../lib/gcc/arm-none-eabi/9.3.1/../../../../arm-none-eabi/lib/thumb/v7e-m+fp/hard\libc_nano.a
LOAD c:/st/stm32cubeide_1.4.0/stm32cubeide/plugins/com.st.stm32cube.ide.mcu.externaltools.gnu-tools-for-stm32.9-2020-q2-update.win32_2.0.0.202105311346/tools/bin/../lib/gcc/arm-none-eabi/9.3.1/../../../../arm-none-eabi/lib/thumb/v7e-m+fp/hard\libnosys.a
END GROUP
START GROUP
LOAD c:/st/stm32cubeide_1.4.0/stm32cubeide/plugins/com.st.stm32cube.ide.mcu.externaltools.gnu-tools-for-stm32.9-2020-q2-update.win32_2.0.0.202105311346/tools/bin/../lib/gcc/arm-none-eabi/9.3.1/thumb/v7e-m+fp/hard\libgcc.a
LOAD c:/st/stm32cubeide_1.4.0/stm32cubeide/plugins/com.st.stm32cube.ide.mcu.externaltools.gnu-tools-for-stm32.9-2020-q2-update.win32_2.0.0.202105311346/tools/bin/../lib/gcc/arm-none-eabi/9.3.1/../../../../arm-none-eabi/lib/thumb/v7e-m+fp/hard\libc_nano.a
LOAD c:/st/stm32cubeide_1.4.0/stm32cubeide/plugins/com.st.stm32cube.ide.mcu.externaltools.gnu-tools-for-stm32.9-2020-q2-update.win32_2.0.0.202105311346/tools/bin/../lib/gcc/arm-none-eabi/9.3.1/../../../../arm-none-eabi/lib/thumb/v7e-m+fp/hard\libnosys.a
END GROUP
LOAD c:/st/stm32cubeide_1.4.0/stm32cubeide/plugins/com.st.stm32cube.ide.mcu.externaltools.gnu-tools-for-stm32.9-2020-q2-update.win32_2.0.0.202105311346/tools/bin/../lib/gcc/arm-none-eabi/9.3.1/thumb/v7e-m+fp/hard/crtend.o
LOAD c:/st/stm32cubeide_1.4.0/stm32cubeide/plugins/com.st.stm32cube.ide.mcu.externaltools.gnu-tools-for-stm32.9-2020-q2-update.win32_2.0.0.202105311346/tools/bin/../lib/gcc/arm-none-eabi/9.3.1/thumb/v7e-m+fp/hard/crtn.o
                0x0000000020020000                _estack = (ORIGIN (RAM) + LENGTH (RAM))
                0x0000000000000200                _Min_Heap_Size = 0x200
                0x0000000000000400                _Min_Stack_Size = 0x400

.isr_vector     0x0000000008000000      0x1c4
                0x0000000008000000                . = ALIGN (0x4)
 *(.isr_vector)
 .isr_vector    0x0000000008000000      0x1c4 ./Core/Startup/startup_stm32f446retx.o
                0x0000000008000000                g_pfnVectors
                0x00000000080001c4                . = ALIGN (0x4)

.text           0x00000000080001d0     0x8bac
                0x00000000080001d0                . = ALIGN (0x4)
 *(.text)
 .text          0x00000000080001d0       0x40 c:/st/stm32cubeide_1.4.0/stm32cubeide/plugins/com.st.stm32cube.ide.mcu.externaltools.gnu-tools-for-stm32.9-2020-q2-update.win32_2.0.0.202105311346/tools/bin/../lib/gcc/arm-none-eabi/9.3.1/thumb/v7e-m+fp/hard/crtbegin.o
 .text          0x0000000008000210       0xa0 c:/st/stm32cubeide_1.4.0/stm32cubeide/plugins/com.st.stm32cube.ide.mcu.externaltools.gnu-tools-for-stm32.9-2020-q2-update.win32_2.0.0.202105311346/tools/bin/../lib/gcc/arm-none-eabi/9.3.1/../../../../arm-none-eabi/lib/thumb/v7e-m+fp/hard\libc_nano.a(lib_a-memchr.o)
                0x0000000008000210                memchr
 .text          0x00000000080002b0       0x30 c:/st/stm32cubeide_1.4.0/stm32cubeide/plugins/com.st.stm32cube.ide.mcu.externaltools.gnu-tools-for-stm32.9-2020-q2-update.win32_2.0.0.202105311346/tools/bin/../lib/gcc/arm-none-eabi/9.3.1/thumb/v7e-m+fp/hard\libgcc.a(_aeabi_uldivmod.o)
                0x00000000080002b0                __aeabi_uldivmod
 .text          0x00000000080002e0      0x2c4 c:/st/stm32cubeide_1.4.0/stm32cubeide/plugins/com.st.stm32cube.ide.mcu.externaltools.gnu-tools-for-stm32.9-2020-q2-update.win32_2.0.0.202105311346/tools/bin/../lib/gcc/arm-none-eabi/9.3.1/thumb/v7e-m+fp/hard\libgcc.a(_udivmoddi4.o)
                0x00000000080002e0                __udivmoddi4
 .text          0x00000000080005a4        0x4 c:/st/stm32cubeide_1.4.0/stm32cubeide/plugins/com.st.stm32cube.ide.mcu.externaltools.gnu-tools-for-stm32.9-2020-q2-update.win32_2.0.0.202105311346/tools/bin/../lib/gcc/arm-none-eabi/9.3.1/thumb/v7e-m+fp/hard\libgcc.a(_dvmd_tls.o)
                0x00000000080005a4                __aeabi_idiv0
                0x00000000080005a4                __aeabi_ldiv0
 *(.text*)
 .text.vApplicationIdleHook
                0x00000000080005a8        0xe ./Core/Src/freertos.o
                0x00000000080005a8                vApplicationIdleHook
 *fill*         0x00000000080005b6        0x2 
 .text.vApplicationGetIdleTaskMemory
                0x00000000080005b8       0x34 ./Core/Src/freertos.o
                0x00000000080005b8                vApplicationGetIdleTaskMemory
 .text.__io_putchar
                0x00000000080005ec       0x24 ./Core/Src/main.o
                0x00000000080005ec                __io_putchar
 .text.main     0x0000000008000610       0xc0 ./Core/Src/main.o
                0x0000000008000610                main
 .text.SystemClock_Config
                0x00000000080006d0       0xdc ./Core/Src/main.o
                0x00000000080006d0                SystemClock_Config
 .text.MX_USART2_UART_Init
                0x00000000080007ac       0x54 ./Core/Src/main.o
 .text.MX_GPIO_Init
                0x0000000008000800       0xe0 ./Core/Src/main.o
 .text.vApplicationStackOverflowHook
                0x00000000080008e0       0x20 ./Core/Src/main.o
                0x00000000080008e0                vApplicationStackOverflowHook
 .text.StartDefaultTask
                0x0000000008000900       0x44 ./Core/Src/main.o
                0x0000000008000900                StartDefaultTask
 .text.StartTask02
                0x0000000008000944       0x38 ./Core/Src/main.o
                0x0000000008000944                StartTask02
 .text.StartTask03
                0x000000000800097c       0x38 ./Core/Src/main.o
                0x000000000800097c                StartTask03
 .text.HAL_TIM_PeriodElapsedCallback
                0x00000000080009b4       0x24 ./Core/Src/main.o
                0x00000000080009b4                HAL_TIM_PeriodElapsedCallback
 .text.Error_Handler
                0x00000000080009d8        0xe ./Core/Src/main.o
                0x00000000080009d8                Error_Handler
 *fill*         0x00000000080009e6        0x2 
 .text.HAL_MspInit
                0x00000000080009e8       0x50 ./Core/Src/stm32f4xx_hal_msp.o
                0x00000000080009e8                HAL_MspInit
 .text.HAL_UART_MspInit
                0x0000000008000a38       0x90 ./Core/Src/stm32f4xx_hal_msp.o
                0x0000000008000a38                HAL_UART_MspInit
 .text.HAL_InitTick
                0x0000000008000ac8       0xb4 ./Core/Src/stm32f4xx_hal_timebase_tim.o
                0x0000000008000ac8                HAL_InitTick
 .text.NMI_Handler
                0x0000000008000b7c        0xe ./Core/Src/stm32f4xx_it.o
                0x0000000008000b7c                NMI_Handler
 .text.HardFault_Handler
                0x0000000008000b8a        0x6 ./Core/Src/stm32f4xx_it.o
                0x0000000008000b8a                HardFault_Handler
 .text.MemManage_Handler
                0x0000000008000b90        0x6 ./Core/Src/stm32f4xx_it.o
                0x0000000008000b90                MemManage_Handler
 .text.BusFault_Handler
                0x0000000008000b96        0x6 ./Core/Src/stm32f4xx_it.o
                0x0000000008000b96                BusFault_Handler
 .text.UsageFault_Handler
                0x0000000008000b9c        0x6 ./Core/Src/stm32f4xx_it.o
                0x0000000008000b9c                UsageFault_Handler
 .text.DebugMon_Handler
                0x0000000008000ba2        0xe ./Core/Src/stm32f4xx_it.o
                0x0000000008000ba2                DebugMon_Handler
 .text.TIM6_DAC_IRQHandler
                0x0000000008000bb0       0x14 ./Core/Src/stm32f4xx_it.o
                0x0000000008000bb0                TIM6_DAC_IRQHandler
 .text._read    0x0000000008000bc4       0x3a ./Core/Src/syscalls.o
                0x0000000008000bc4                _read
 .text._write   0x0000000008000bfe       0x38 ./Core/Src/syscalls.o
                0x0000000008000bfe                _write
 .text._close   0x0000000008000c36       0x18 ./Core/Src/syscalls.o
                0x0000000008000c36                _close
 .text._fstat   0x0000000008000c4e       0x20 ./Core/Src/syscalls.o
                0x0000000008000c4e                _fstat
 .text._isatty  0x0000000008000c6e       0x16 ./Core/Src/syscalls.o
                0x0000000008000c6e                _isatty
 .text._lseek   0x0000000008000c84       0x1a ./Core/Src/syscalls.o
                0x0000000008000c84                _lseek
 *fill*         0x0000000008000c9e        0x2 
 .text._sbrk    0x0000000008000ca0       0x6c ./Core/Src/sysmem.o
                0x0000000008000ca0                _sbrk
 .text.SystemInit
                0x0000000008000d0c       0x2c ./Core/Src/system_stm32f4xx.o
                0x0000000008000d0c                SystemInit
 .text.Reset_Handler
                0x0000000008000d38       0x50 ./Core/Startup/startup_stm32f446retx.o
                0x0000000008000d38                Reset_Handler
 .text.Default_Handler
                0x0000000008000d88        0x2 ./Core/Startup/startup_stm32f446retx.o
                0x0000000008000d88                RTC_Alarm_IRQHandler
                0x0000000008000d88                EXTI2_IRQHandler
                0x0000000008000d88                TIM8_CC_IRQHandler
                0x0000000008000d88                FMPI2C1_EV_IRQHandler
                0x0000000008000d88                SPI4_IRQHandler
                0x0000000008000d88                TIM1_CC_IRQHandler
                0x0000000008000d88                DMA2_Stream5_IRQHandler
                0x0000000008000d88                DMA1_Stream5_IRQHandler
                0x0000000008000d88                PVD_IRQHandler
                0x0000000008000d88                SDIO_IRQHandler
                0x0000000008000d88                TAMP_STAMP_IRQHandler
                0x0000000008000d88                CAN2_RX1_IRQHandler
                0x0000000008000d88                EXTI3_IRQHandler
                0x0000000008000d88                TIM8_TRG_COM_TIM14_IRQHandler
                0x0000000008000d88                TIM1_UP_TIM10_IRQHandler
                0x0000000008000d88                TIM8_UP_TIM13_IRQHandler
                0x0000000008000d88                I2C3_ER_IRQHandler
                0x0000000008000d88                EXTI0_IRQHandler
                0x0000000008000d88                I2C2_EV_IRQHandler
                0x0000000008000d88                DMA1_Stream2_IRQHandler
                0x0000000008000d88                CAN1_RX0_IRQHandler
                0x0000000008000d88                FPU_IRQHandler
                0x0000000008000d88                OTG_HS_WKUP_IRQHandler
                0x0000000008000d88                CAN2_SCE_IRQHandler
                0x0000000008000d88                DMA2_Stream2_IRQHandler
                0x0000000008000d88                SPI1_IRQHandler
                0x0000000008000d88                TIM1_BRK_TIM9_IRQHandler
                0x0000000008000d88                DCMI_IRQHandler
                0x0000000008000d88                CAN2_RX0_IRQHandler
                0x0000000008000d88                DMA2_Stream3_IRQHandler
                0x0000000008000d88                SAI2_IRQHandler
                0x0000000008000d88                USART6_IRQHandler
                0x0000000008000d88                USART3_IRQHandler
                0x0000000008000d88                CAN1_RX1_IRQHandler
                0x0000000008000d88                UART5_IRQHandler
                0x0000000008000d88                DMA2_Stream0_IRQHandler
                0x0000000008000d88                TIM4_IRQHandler
                0x0000000008000d88                QUADSPI_IRQHandler
                0x0000000008000d88                I2C1_EV_IRQHandler
                0x0000000008000d88                DMA1_Stream6_IRQHandler
                0x0000000008000d88                DMA1_Stream1_IRQHandler
                0x0000000008000d88                UART4_IRQHandler
                0x0000000008000d88                TIM3_IRQHandler
                0x0000000008000d88                RCC_IRQHandler
                0x0000000008000d88                TIM8_BRK_TIM12_IRQHandler
                0x0000000008000d88                Default_Handler
                0x0000000008000d88                CEC_IRQHandler
                0x0000000008000d88                EXTI15_10_IRQHandler
                0x0000000008000d88                ADC_IRQHandler
                0x0000000008000d88                DMA1_Stream7_IRQHandler
                0x0000000008000d88                TIM7_IRQHandler
                0x0000000008000d88                CAN2_TX_IRQHandler
                0x0000000008000d88                TIM5_IRQHandler
                0x0000000008000d88                DMA2_Stream7_IRQHandler
                0x0000000008000d88                I2C3_EV_IRQHandler
                0x0000000008000d88                EXTI9_5_IRQHandler
                0x0000000008000d88                RTC_WKUP_IRQHandler
                0x0000000008000d88                SPDIF_RX_IRQHandler
                0x0000000008000d88                SPI2_IRQHandler
                0x0000000008000d88                OTG_HS_EP1_IN_IRQHandler
                0x0000000008000d88                DMA1_Stream0_IRQHandler
                0x0000000008000d88                CAN1_TX_IRQHandler
                0x0000000008000d88                FMPI2C1_ER_IRQHandler
                0x0000000008000d88                EXTI4_IRQHandler
                0x0000000008000d88                OTG_HS_EP1_OUT_IRQHandler
                0x0000000008000d88                WWDG_IRQHandler
                0x0000000008000d88                TIM2_IRQHandler
                0x0000000008000d88                OTG_FS_WKUP_IRQHandler
                0x0000000008000d88                TIM1_TRG_COM_TIM11_IRQHandler
                0x0000000008000d88                OTG_HS_IRQHandler
                0x0000000008000d88                EXTI1_IRQHandler
                0x0000000008000d88                USART2_IRQHandler
                0x0000000008000d88                I2C2_ER_IRQHandler
                0x0000000008000d88                DMA2_Stream1_IRQHandler
                0x0000000008000d88                CAN1_SCE_IRQHandler
                0x0000000008000d88                FLASH_IRQHandler
                0x0000000008000d88                DMA2_Stream4_IRQHandler
                0x0000000008000d88                USART1_IRQHandler
                0x0000000008000d88                OTG_FS_IRQHandler
                0x0000000008000d88                SPI3_IRQHandler
                0x0000000008000d88                DMA1_Stream4_IRQHandler
                0x0000000008000d88                I2C1_ER_IRQHandler
                0x0000000008000d88                FMC_IRQHandler
                0x0000000008000d88                DMA2_Stream6_IRQHandler
                0x0000000008000d88                SAI1_IRQHandler
                0x0000000008000d88                DMA1_Stream3_IRQHandler
 *fill*         0x0000000008000d8a        0x2 
 .text.HAL_Init
                0x0000000008000d8c       0x44 ./Drivers/STM32F4xx_HAL_Driver/Src/stm32f4xx_hal.o
                0x0000000008000d8c                HAL_Init
 .text.HAL_IncTick
                0x0000000008000dd0       0x28 ./Drivers/STM32F4xx_HAL_Driver/Src/stm32f4xx_hal.o
                0x0000000008000dd0                HAL_IncTick
 .text.HAL_GetTick
                0x0000000008000df8       0x18 ./Drivers/STM32F4xx_HAL_Driver/Src/stm32f4xx_hal.o
                0x0000000008000df8                HAL_GetTick
 .text.__NVIC_SetPriorityGrouping
                0x0000000008000e10       0x48 ./Drivers/STM32F4xx_HAL_Driver/Src/stm32f4xx_hal_cortex.o
 .text.__NVIC_GetPriorityGrouping
                0x0000000008000e58       0x1c ./Drivers/STM32F4xx_HAL_Driver/Src/stm32f4xx_hal_cortex.o
 .text.__NVIC_EnableIRQ
                0x0000000008000e74       0x3c ./Drivers/STM32F4xx_HAL_Driver/Src/stm32f4xx_hal_cortex.o
 .text.__NVIC_SetPriority
                0x0000000008000eb0       0x54 ./Drivers/STM32F4xx_HAL_Driver/Src/stm32f4xx_hal_cortex.o
 .text.NVIC_EncodePriority
                0x0000000008000f04       0x66 ./Drivers/STM32F4xx_HAL_Driver/Src/stm32f4xx_hal_cortex.o
 .text.HAL_NVIC_SetPriorityGrouping
                0x0000000008000f6a       0x16 ./Drivers/STM32F4xx_HAL_Driver/Src/stm32f4xx_hal_cortex.o
                0x0000000008000f6a                HAL_NVIC_SetPriorityGrouping
 .text.HAL_NVIC_SetPriority
                0x0000000008000f80       0x38 ./Drivers/STM32F4xx_HAL_Driver/Src/stm32f4xx_hal_cortex.o
                0x0000000008000f80                HAL_NVIC_SetPriority
 .text.HAL_NVIC_EnableIRQ
                0x0000000008000fb8       0x1c ./Drivers/STM32F4xx_HAL_Driver/Src/stm32f4xx_hal_cortex.o
                0x0000000008000fb8                HAL_NVIC_EnableIRQ
 .text.HAL_GPIO_Init
                0x0000000008000fd4      0x328 ./Drivers/STM32F4xx_HAL_Driver/Src/stm32f4xx_hal_gpio.o
                0x0000000008000fd4                HAL_GPIO_Init
 .text.HAL_GPIO_WritePin
                0x00000000080012fc       0x32 ./Drivers/STM32F4xx_HAL_Driver/Src/stm32f4xx_hal_gpio.o
                0x00000000080012fc                HAL_GPIO_WritePin
 *fill*         0x000000000800132e        0x2 
 .text.HAL_RCC_ClockConfig
                0x0000000008001330      0x1cc ./Drivers/STM32F4xx_HAL_Driver/Src/stm32f4xx_hal_rcc.o
                0x0000000008001330                HAL_RCC_ClockConfig
 .text.HAL_RCC_GetHCLKFreq
                0x00000000080014fc       0x18 ./Drivers/STM32F4xx_HAL_Driver/Src/stm32f4xx_hal_rcc.o
                0x00000000080014fc                HAL_RCC_GetHCLKFreq
 .text.HAL_RCC_GetPCLK1Freq
                0x0000000008001514       0x28 ./Drivers/STM32F4xx_HAL_Driver/Src/stm32f4xx_hal_rcc.o
                0x0000000008001514                HAL_RCC_GetPCLK1Freq
 .text.HAL_RCC_GetPCLK2Freq
                0x000000000800153c       0x28 ./Drivers/STM32F4xx_HAL_Driver/Src/stm32f4xx_hal_rcc.o
                0x000000000800153c                HAL_RCC_GetPCLK2Freq
 .text.HAL_RCC_GetClockConfig
                0x0000000008001564       0x64 ./Drivers/STM32F4xx_HAL_Driver/Src/stm32f4xx_hal_rcc.o
                0x0000000008001564                HAL_RCC_GetClockConfig
 .text.HAL_RCC_GetSysClockFreq
                0x00000000080015c8      0x364 ./Drivers/STM32F4xx_HAL_Driver/Src/stm32f4xx_hal_rcc_ex.o
                0x00000000080015c8                HAL_RCC_GetSysClockFreq
 .text.HAL_RCC_OscConfig
                0x000000000800192c      0x4b4 ./Drivers/STM32F4xx_HAL_Driver/Src/stm32f4xx_hal_rcc_ex.o
                0x000000000800192c                HAL_RCC_OscConfig
 .text.HAL_TIM_Base_Init
                0x0000000008001de0       0x56 ./Drivers/STM32F4xx_HAL_Driver/Src/stm32f4xx_hal_tim.o
                0x0000000008001de0                HAL_TIM_Base_Init
 .text.HAL_TIM_Base_MspInit
                0x0000000008001e36       0x14 ./Drivers/STM32F4xx_HAL_Driver/Src/stm32f4xx_hal_tim.o
                0x0000000008001e36                HAL_TIM_Base_MspInit
 .text.HAL_TIM_Base_Start_IT
                0x0000000008001e4a       0x48 ./Drivers/STM32F4xx_HAL_Driver/Src/stm32f4xx_hal_tim.o
                0x0000000008001e4a                HAL_TIM_Base_Start_IT
 .text.HAL_TIM_IRQHandler
                0x0000000008001e92      0x210 ./Drivers/STM32F4xx_HAL_Driver/Src/stm32f4xx_hal_tim.o
                0x0000000008001e92                HAL_TIM_IRQHandler
 .text.HAL_TIM_OC_DelayElapsedCallback
                0x00000000080020a2       0x14 ./Drivers/STM32F4xx_HAL_Driver/Src/stm32f4xx_hal_tim.o
                0x00000000080020a2                HAL_TIM_OC_DelayElapsedCallback
 .text.HAL_TIM_IC_CaptureCallback
                0x00000000080020b6       0x14 ./Drivers/STM32F4xx_HAL_Driver/Src/stm32f4xx_hal_tim.o
                0x00000000080020b6                HAL_TIM_IC_CaptureCallback
 .text.HAL_TIM_PWM_PulseFinishedCallback
                0x00000000080020ca       0x14 ./Drivers/STM32F4xx_HAL_Driver/Src/stm32f4xx_hal_tim.o
                0x00000000080020ca                HAL_TIM_PWM_PulseFinishedCallback
 .text.HAL_TIM_TriggerCallback
                0x00000000080020de       0x14 ./Drivers/STM32F4xx_HAL_Driver/Src/stm32f4xx_hal_tim.o
                0x00000000080020de                HAL_TIM_TriggerCallback
 *fill*         0x00000000080020f2        0x2 
 .text.TIM_Base_SetConfig
                0x00000000080020f4      0x140 ./Drivers/STM32F4xx_HAL_Driver/Src/stm32f4xx_hal_tim.o
                0x00000000080020f4                TIM_Base_SetConfig
 .text.HAL_TIMEx_CommutCallback
                0x0000000008002234       0x14 ./Drivers/STM32F4xx_HAL_Driver/Src/stm32f4xx_hal_tim_ex.o
                0x0000000008002234                HAL_TIMEx_CommutCallback
 .text.HAL_TIMEx_BreakCallback
                0x0000000008002248       0x14 ./Drivers/STM32F4xx_HAL_Driver/Src/stm32f4xx_hal_tim_ex.o
                0x0000000008002248                HAL_TIMEx_BreakCallback
 .text.HAL_UART_Init
                0x000000000800225c       0x9a ./Drivers/STM32F4xx_HAL_Driver/Src/stm32f4xx_hal_uart.o
                0x000000000800225c                HAL_UART_Init
 .text.HAL_UART_Transmit
                0x00000000080022f6      0x132 ./Drivers/STM32F4xx_HAL_Driver/Src/stm32f4xx_hal_uart.o
                0x00000000080022f6                HAL_UART_Transmit
 .text.UART_WaitOnFlagUntilTimeout
                0x0000000008002428       0x94 ./Drivers/STM32F4xx_HAL_Driver/Src/stm32f4xx_hal_uart.o
 .text.UART_SetConfig
                0x00000000080024bc      0x738 ./Drivers/STM32F4xx_HAL_Driver/Src/stm32f4xx_hal_uart.o
 .text.makeFreeRtosPriority
                0x0000000008002bf4       0x30 ./Middlewares/Third_Party/FreeRTOS/Source/CMSIS_RTOS/cmsis_os.o
 .text.inHandlerMode
                0x0000000008002c24       0x24 ./Middlewares/Third_Party/FreeRTOS/Source/CMSIS_RTOS/cmsis_os.o
 .text.osKernelStart
                0x0000000008002c48        0xe ./Middlewares/Third_Party/FreeRTOS/Source/CMSIS_RTOS/cmsis_os.o
                0x0000000008002c48                osKernelStart
 .text.osThreadCreate
                0x0000000008002c56       0x98 ./Middlewares/Third_Party/FreeRTOS/Source/CMSIS_RTOS/cmsis_os.o
                0x0000000008002c56                osThreadCreate
 .text.osDelay  0x0000000008002cee       0x28 ./Middlewares/Third_Party/FreeRTOS/Source/CMSIS_RTOS/cmsis_os.o
                0x0000000008002cee                osDelay
 .text.osSemaphoreCreate
                0x0000000008002d16       0x64 ./Middlewares/Third_Party/FreeRTOS/Source/CMSIS_RTOS/cmsis_os.o
                0x0000000008002d16                osSemaphoreCreate
 *fill*         0x0000000008002d7a        0x2 
 .text.osSemaphoreWait
                0x0000000008002d7c       0x9c ./Middlewares/Third_Party/FreeRTOS/Source/CMSIS_RTOS/cmsis_os.o
                0x0000000008002d7c                osSemaphoreWait
 .text.osSemaphoreRelease
                0x0000000008002e18       0x6c ./Middlewares/Third_Party/FreeRTOS/Source/CMSIS_RTOS/cmsis_os.o
                0x0000000008002e18                osSemaphoreRelease
 .text.vListInitialise
                0x0000000008002e84       0x40 ./Middlewares/Third_Party/FreeRTOS/Source/list.o
                0x0000000008002e84                vListInitialise
 .text.vListInitialiseItem
                0x0000000008002ec4       0x1a ./Middlewares/Third_Party/FreeRTOS/Source/list.o
                0x0000000008002ec4                vListInitialiseItem
 .text.vListInsertEnd
                0x0000000008002ede       0x48 ./Middlewares/Third_Party/FreeRTOS/Source/list.o
                0x0000000008002ede                vListInsertEnd
 .text.vListInsert
                0x0000000008002f26       0x72 ./Middlewares/Third_Party/FreeRTOS/Source/list.o
                0x0000000008002f26                vListInsert
 .text.uxListRemove
                0x0000000008002f98       0x54 ./Middlewares/Third_Party/FreeRTOS/Source/list.o
                0x0000000008002f98                uxListRemove
 .text.xQueueGenericReset
                0x0000000008002fec       0xd0 ./Middlewares/Third_Party/FreeRTOS/Source/queue.o
                0x0000000008002fec                xQueueGenericReset
 .text.xQueueGenericCreateStatic
                0x00000000080030bc      0x12c ./Middlewares/Third_Party/FreeRTOS/Source/queue.o
                0x00000000080030bc                xQueueGenericCreateStatic
 .text.xQueueGenericCreate
                0x00000000080031e8       0xb8 ./Middlewares/Third_Party/FreeRTOS/Source/queue.o
                0x00000000080031e8                xQueueGenericCreate
 .text.prvInitialiseNewQueue
                0x00000000080032a0      0x128 ./Middlewares/Third_Party/FreeRTOS/Source/queue.o
 .text.xQueueGenericSend
                0x00000000080033c8      0x41c ./Middlewares/Third_Party/FreeRTOS/Source/queue.o
                0x00000000080033c8                xQueueGenericSend
 .text.xQueueGiveFromISR
                0x00000000080037e4       0x1e ./Middlewares/Third_Party/FreeRTOS/Source/queue.o
                0x00000000080037e4                xQueueGiveFromISR
 *fill*         0x0000000008003802        0x2 
 .text.MyWrapper_xQueueGiveFromISR
                0x0000000008003804      0x1fc ./Middlewares/Third_Party/FreeRTOS/Source/queue.o
                0x0000000008003804                MyWrapper_xQueueGiveFromISR
 .text.xQueueSemaphoreTake
                0x0000000008003a00      0x460 ./Middlewares/Third_Party/FreeRTOS/Source/queue.o
                0x0000000008003a00                xQueueSemaphoreTake
 .text.xQueueReceiveFromISR
                0x0000000008003e60      0x1cc ./Middlewares/Third_Party/FreeRTOS/Source/queue.o
                0x0000000008003e60                xQueueReceiveFromISR
 .text.uxQueueGetQueueNumber
                0x000000000800402c       0x18 ./Middlewares/Third_Party/FreeRTOS/Source/queue.o
                0x000000000800402c                uxQueueGetQueueNumber
 .text.vQueueSetQueueNumber
                0x0000000008004044       0x1c ./Middlewares/Third_Party/FreeRTOS/Source/queue.o
                0x0000000008004044                vQueueSetQueueNumber
 .text.ucQueueGetQueueType
                0x0000000008004060       0x1a ./Middlewares/Third_Party/FreeRTOS/Source/queue.o
                0x0000000008004060                ucQueueGetQueueType
 .text.prvGetDisinheritPriorityAfterTimeout
                0x000000000800407a       0x30 ./Middlewares/Third_Party/FreeRTOS/Source/queue.o
 .text.prvCopyDataToQueue
                0x00000000080040aa       0xd4 ./Middlewares/Third_Party/FreeRTOS/Source/queue.o
 .text.prvCopyDataFromQueue
                0x000000000800417e       0x4c ./Middlewares/Third_Party/FreeRTOS/Source/queue.o
 .text.prvUnlockQueue
                0x00000000080041ca       0xa4 ./Middlewares/Third_Party/FreeRTOS/Source/queue.o
 .text.prvIsQueueEmpty
                0x000000000800426e       0x2c ./Middlewares/Third_Party/FreeRTOS/Source/queue.o
 .text.prvIsQueueFull
                0x000000000800429a       0x30 ./Middlewares/Third_Party/FreeRTOS/Source/queue.o
 .text.xTaskCreateStatic
                0x00000000080042ca       0xba ./Middlewares/Third_Party/FreeRTOS/Source/tasks.o
                0x00000000080042ca                xTaskCreateStatic
 .text.xTaskCreate
                0x0000000008004384       0x8a ./Middlewares/Third_Party/FreeRTOS/Source/tasks.o
                0x0000000008004384                xTaskCreate
 .text.prvInitialiseNewTask
                0x000000000800440e      0x11e ./Middlewares/Third_Party/FreeRTOS/Source/tasks.o
 .text.prvAddNewTaskToReadyList
                0x000000000800452c      0x1a4 ./Middlewares/Third_Party/FreeRTOS/Source/tasks.o
 .text.vTaskDelay
                0x00000000080046d0       0xd8 ./Middlewares/Third_Party/FreeRTOS/Source/tasks.o
                0x00000000080046d0                vTaskDelay
 .text.vTaskStartScheduler
                0x00000000080047a8      0x108 ./Middlewares/Third_Party/FreeRTOS/Source/tasks.o
                0x00000000080047a8                vTaskStartScheduler
 .text.vTaskSuspendAll
                0x00000000080048b0       0x1c ./Middlewares/Third_Party/FreeRTOS/Source/tasks.o
                0x00000000080048b0                vTaskSuspendAll
 .text.xTaskResumeAll
                0x00000000080048cc      0x164 ./Middlewares/Third_Party/FreeRTOS/Source/tasks.o
                0x00000000080048cc                xTaskResumeAll
 .text.xTaskIncrementTick
                0x0000000008004a30      0x1d4 ./Middlewares/Third_Party/FreeRTOS/Source/tasks.o
                0x0000000008004a30                xTaskIncrementTick
 .text.vTaskSwitchContext
                0x0000000008004c04      0x148 ./Middlewares/Third_Party/FreeRTOS/Source/tasks.o
                0x0000000008004c04                vTaskSwitchContext
 .text.vTaskPlaceOnEventList
                0x0000000008004d4c       0x48 ./Middlewares/Third_Party/FreeRTOS/Source/tasks.o
                0x0000000008004d4c                vTaskPlaceOnEventList
 .text.xTaskRemoveFromEventList
                0x0000000008004d94       0xf0 ./Middlewares/Third_Party/FreeRTOS/Source/tasks.o
                0x0000000008004d94                xTaskRemoveFromEventList
 .text.vTaskInternalSetTimeOutState
                0x0000000008004e84       0x2c ./Middlewares/Third_Party/FreeRTOS/Source/tasks.o
                0x0000000008004e84                vTaskInternalSetTimeOutState
 .text.xTaskCheckForTimeOut
                0x0000000008004eb0       0xc4 ./Middlewares/Third_Party/FreeRTOS/Source/tasks.o
                0x0000000008004eb0                xTaskCheckForTimeOut
 .text.vTaskMissedYield
                0x0000000008004f74       0x18 ./Middlewares/Third_Party/FreeRTOS/Source/tasks.o
                0x0000000008004f74                vTaskMissedYield
 .text.uxTaskGetTaskNumber
                0x0000000008004f8c       0x2c ./Middlewares/Third_Party/FreeRTOS/Source/tasks.o
                0x0000000008004f8c                uxTaskGetTaskNumber
 .text.vTaskSetTaskNumber
                0x0000000008004fb8       0x26 ./Middlewares/Third_Party/FreeRTOS/Source/tasks.o
                0x0000000008004fb8                vTaskSetTaskNumber
 *fill*         0x0000000008004fde        0x2 
 .text.prvIdleTask
                0x0000000008004fe0       0x34 ./Middlewares/Third_Party/FreeRTOS/Source/tasks.o
 .text.prvInitialiseTaskLists
                0x0000000008005014       0x80 ./Middlewares/Third_Party/FreeRTOS/Source/tasks.o
 .text.prvCheckTasksWaitingTermination
                0x0000000008005094       0x5c ./Middlewares/Third_Party/FreeRTOS/Source/tasks.o
 .text.prvDeleteTCB
                0x00000000080050f0       0x5e ./Middlewares/Third_Party/FreeRTOS/Source/tasks.o
 *fill*         0x000000000800514e        0x2 
 .text.prvResetNextTaskUnblockTime
                0x0000000008005150       0x40 ./Middlewares/Third_Party/FreeRTOS/Source/tasks.o
 .text.xTaskGetCurrentTaskHandle
                0x0000000008005190       0x20 ./Middlewares/Third_Party/FreeRTOS/Source/tasks.o
                0x0000000008005190                xTaskGetCurrentTaskHandle
 .text.xTaskGetSchedulerState
                0x00000000080051b0       0x3c ./Middlewares/Third_Party/FreeRTOS/Source/tasks.o
                0x00000000080051b0                xTaskGetSchedulerState
 .text.xTaskPriorityInherit
                0x00000000080051ec      0x188 ./Middlewares/Third_Party/FreeRTOS/Source/tasks.o
                0x00000000080051ec                xTaskPriorityInherit
 .text.xTaskPriorityDisinherit
                0x0000000008005374      0x190 ./Middlewares/Third_Party/FreeRTOS/Source/tasks.o
                0x0000000008005374                xTaskPriorityDisinherit
 .text.vTaskPriorityDisinheritAfterTimeout
                0x0000000008005504      0x1bc ./Middlewares/Third_Party/FreeRTOS/Source/tasks.o
                0x0000000008005504                vTaskPriorityDisinheritAfterTimeout
 .text.pvTaskIncrementMutexHeldCount
                0x00000000080056c0       0x28 ./Middlewares/Third_Party/FreeRTOS/Source/tasks.o
                0x00000000080056c0                pvTaskIncrementMutexHeldCount
 .text.prvAddCurrentTaskToDelayedList
                0x00000000080056e8       0xcc ./Middlewares/Third_Party/FreeRTOS/Source/tasks.o
 .text.pxPortInitialiseStack
                0x00000000080057b4       0x68 ./Middlewares/Third_Party/FreeRTOS/Source/portable/GCC/ARM_CM4F/port.o
                0x00000000080057b4                pxPortInitialiseStack
 .text.prvTaskExitError
                0x000000000800581c       0x58 ./Middlewares/Third_Party/FreeRTOS/Source/portable/GCC/ARM_CM4F/port.o
 *fill*         0x0000000008005874        0xc 
 .text.SVC_Handler
                0x0000000008005880       0x28 ./Middlewares/Third_Party/FreeRTOS/Source/portable/GCC/ARM_CM4F/port.o
                0x0000000008005880                SVC_Handler
 .text.prvPortStartFirstTask
                0x00000000080058a8       0x28 ./Middlewares/Third_Party/FreeRTOS/Source/portable/GCC/ARM_CM4F/port.o
 .text.xPortStartScheduler
                0x00000000080058d0      0x164 ./Middlewares/Third_Party/FreeRTOS/Source/portable/GCC/ARM_CM4F/port.o
                0x00000000080058d0                xPortStartScheduler
 .text.vPortEnterCritical
                0x0000000008005a34       0x60 ./Middlewares/Third_Party/FreeRTOS/Source/portable/GCC/ARM_CM4F/port.o
                0x0000000008005a34                vPortEnterCritical
 .text.vPortExitCritical
                0x0000000008005a94       0x54 ./Middlewares/Third_Party/FreeRTOS/Source/portable/GCC/ARM_CM4F/port.o
                0x0000000008005a94                vPortExitCritical
 *fill*         0x0000000008005ae8        0x8 
 .text.PendSV_Handler
                0x0000000008005af0       0x68 ./Middlewares/Third_Party/FreeRTOS/Source/portable/GCC/ARM_CM4F/port.o
                0x0000000008005af0                PendSV_Handler
 .text.SysTick_Handler
                0x0000000008005b58       0x44 ./Middlewares/Third_Party/FreeRTOS/Source/portable/GCC/ARM_CM4F/port.o
                0x0000000008005b58                SysTick_Handler
 .text.vPortSetupTimerInterrupt
                0x0000000008005b9c       0x48 ./Middlewares/Third_Party/FreeRTOS/Source/portable/GCC/ARM_CM4F/port.o
                0x0000000008005b9c                vPortSetupTimerInterrupt
 .text.vPortEnableVFP
                0x0000000008005be4       0x14 ./Middlewares/Third_Party/FreeRTOS/Source/portable/GCC/ARM_CM4F/port.o
 .text.vPortValidateInterruptPriority
                0x0000000008005bf8       0x80 ./Middlewares/Third_Party/FreeRTOS/Source/portable/GCC/ARM_CM4F/port.o
                0x0000000008005bf8                vPortValidateInterruptPriority
 .text.pvPortMalloc
                0x0000000008005c78      0x1a8 ./Middlewares/Third_Party/FreeRTOS/Source/portable/MemMang/heap_4.o
                0x0000000008005c78                pvPortMalloc
 .text.vPortFree
                0x0000000008005e20       0xc4 ./Middlewares/Third_Party/FreeRTOS/Source/portable/MemMang/heap_4.o
                0x0000000008005e20                vPortFree
 .text.prvHeapInit
                0x0000000008005ee4       0xc4 ./Middlewares/Third_Party/FreeRTOS/Source/portable/MemMang/heap_4.o
 .text.prvInsertBlockIntoFreeList
                0x0000000008005fa8       0xb4 ./Middlewares/Third_Party/FreeRTOS/Source/portable/MemMang/heap_4.o
 .text.prvTraceGetQueueNumber
                0x000000000800605c       0x18 ./Middlewares/TraceRecorder/trcKernelPort.o
                0x000000000800605c                prvTraceGetQueueNumber
 .text.prvTraceGetQueueType
                0x0000000008006074       0x18 ./Middlewares/TraceRecorder/trcKernelPort.o
                0x0000000008006074                prvTraceGetQueueType
 .text.prvTraceGetTaskNumberLow16
                0x000000000800608c       0x1a ./Middlewares/TraceRecorder/trcKernelPort.o
                0x000000000800608c                prvTraceGetTaskNumberLow16
 .text.prvTraceGetTaskNumberHigh16
                0x00000000080060a6       0x1c ./Middlewares/TraceRecorder/trcKernelPort.o
                0x00000000080060a6                prvTraceGetTaskNumberHigh16
 .text.prvTraceSetTaskNumberLow16
                0x00000000080060c2       0x2c ./Middlewares/TraceRecorder/trcKernelPort.o
                0x00000000080060c2                prvTraceSetTaskNumberLow16
 .text.prvTraceSetTaskNumberHigh16
                0x00000000080060ee       0x2c ./Middlewares/TraceRecorder/trcKernelPort.o
                0x00000000080060ee                prvTraceSetTaskNumberHigh16
 .text.prvTraceGetQueueNumberLow16
                0x000000000800611a       0x1a ./Middlewares/TraceRecorder/trcKernelPort.o
                0x000000000800611a                prvTraceGetQueueNumberLow16
 .text.prvTraceGetQueueNumberHigh16
                0x0000000008006134       0x1c ./Middlewares/TraceRecorder/trcKernelPort.o
                0x0000000008006134                prvTraceGetQueueNumberHigh16
 .text.prvTraceSetQueueNumberLow16
                0x0000000008006150       0x2c ./Middlewares/TraceRecorder/trcKernelPort.o
                0x0000000008006150                prvTraceSetQueueNumberLow16
 .text.prvTraceSetQueueNumberHigh16
                0x000000000800617c       0x2c ./Middlewares/TraceRecorder/trcKernelPort.o
                0x000000000800617c                prvTraceSetQueueNumberHigh16
 .text.prvTraceGetCurrentTaskHandle
                0x00000000080061a8        0xe ./Middlewares/TraceRecorder/trcKernelPort.o
                0x00000000080061a8                prvTraceGetCurrentTaskHandle
 *fill*         0x00000000080061b6        0x2 
 .text.vTraceEnable
                0x00000000080061b8       0x48 ./Middlewares/TraceRecorder/trcKernelPort.o
                0x00000000080061b8                vTraceEnable
 .text.vTraceInitObjectPropertyTable
                0x0000000008006200      0x19c ./Middlewares/TraceRecorder/trcKernelPort.o
                0x0000000008006200                vTraceInitObjectPropertyTable
 .text.vTraceInitObjectHandleStack
                0x000000000800639c      0x110 ./Middlewares/TraceRecorder/trcKernelPort.o
                0x000000000800639c                vTraceInitObjectHandleStack
 .text.pszTraceGetErrorNotEnoughHandles
                0x00000000080064ac       0x98 ./Middlewares/TraceRecorder/trcKernelPort.o
                0x00000000080064ac                pszTraceGetErrorNotEnoughHandles
 .text.uiTraceStart
                0x0000000008006544       0xe0 ./Middlewares/TraceRecorder/trcSnapshotRecorder.o
                0x0000000008006544                uiTraceStart
 .text.vTraceStart
                0x0000000008006624        0xc ./Middlewares/TraceRecorder/trcSnapshotRecorder.o
                0x0000000008006624                vTraceStart
 .text.vTraceStop
                0x0000000008006630       0x30 ./Middlewares/TraceRecorder/trcSnapshotRecorder.o
                0x0000000008006630                vTraceStop
 .text.prvTraceInitTimestamps
                0x0000000008006660       0x20 ./Middlewares/TraceRecorder/trcSnapshotRecorder.o
                0x0000000008006660                prvTraceInitTimestamps
 .text.xTraceRegisterString
                0x0000000008006680       0x48 ./Middlewares/TraceRecorder/trcSnapshotRecorder.o
                0x0000000008006680                xTraceRegisterString
 .text.vTraceInitialize
                0x00000000080066c8      0x240 ./Middlewares/TraceRecorder/trcSnapshotRecorder.o
                0x00000000080066c8                vTraceInitialize
 .text.prvTraceStoreTaskReady
                0x0000000008006908       0xc8 ./Middlewares/TraceRecorder/trcSnapshotRecorder.o
                0x0000000008006908                prvTraceStoreTaskReady
 .text.vTraceStoreMemMangEvent
                0x00000000080069d0      0x130 ./Middlewares/TraceRecorder/trcSnapshotRecorder.o
                0x00000000080069d0                vTraceStoreMemMangEvent
 .text.prvTraceStoreKernelCall
                0x0000000008006b00       0xfc ./Middlewares/TraceRecorder/trcSnapshotRecorder.o
                0x0000000008006b00                prvTraceStoreKernelCall
 .text.prvTraceStoreKernelCallWithParam
                0x0000000008006bfc      0x114 ./Middlewares/TraceRecorder/trcSnapshotRecorder.o
                0x0000000008006bfc                prvTraceStoreKernelCallWithParam
 .text.prvTraceGetParam
                0x0000000008006d10       0x78 ./Middlewares/TraceRecorder/trcSnapshotRecorder.o
 .text.prvTraceStoreKernelCallWithNumericParamOnly
                0x0000000008006d88       0xcc ./Middlewares/TraceRecorder/trcSnapshotRecorder.o
                0x0000000008006d88                prvTraceStoreKernelCallWithNumericParamOnly
 .text.prvTraceStoreTaskswitch
                0x0000000008006e54       0xe4 ./Middlewares/TraceRecorder/trcSnapshotRecorder.o
                0x0000000008006e54                prvTraceStoreTaskswitch
 .text.prvTraceSetPriorityProperty
                0x0000000008006f38       0x78 ./Middlewares/TraceRecorder/trcSnapshotRecorder.o
                0x0000000008006f38                prvTraceSetPriorityProperty
 .text.prvTraceGetPriorityProperty
                0x0000000008006fb0       0x7c ./Middlewares/TraceRecorder/trcSnapshotRecorder.o
                0x0000000008006fb0                prvTraceGetPriorityProperty
 .text.prvTraceSetObjectState
                0x000000000800702c       0x78 ./Middlewares/TraceRecorder/trcSnapshotRecorder.o
                0x000000000800702c                prvTraceSetObjectState
 .text.prvTraceGetObjectState
                0x00000000080070a4       0x78 ./Middlewares/TraceRecorder/trcSnapshotRecorder.o
 .text.prvTraceSetTaskInstanceFinished
                0x000000000800711c       0x54 ./Middlewares/TraceRecorder/trcSnapshotRecorder.o
                0x000000000800711c                prvTraceSetTaskInstanceFinished
 .text.prvTraceNextFreeEventBufferSlot
                0x0000000008007170       0x48 ./Middlewares/TraceRecorder/trcSnapshotRecorder.o
 .text.uiIndexOfObject
                0x00000000080071b8       0xb0 ./Middlewares/TraceRecorder/trcSnapshotRecorder.o
                0x00000000080071b8                uiIndexOfObject
 .text.prvTraceGetObjectHandle
                0x0000000008007268      0x15c ./Middlewares/TraceRecorder/trcSnapshotRecorder.o
                0x0000000008007268                prvTraceGetObjectHandle
 .text.prvMarkObjectAsUsed
                0x00000000080073c4       0x3c ./Middlewares/TraceRecorder/trcSnapshotRecorder.o
                0x00000000080073c4                prvMarkObjectAsUsed
 .text.prvStrncpy
                0x0000000008007400       0x4c ./Middlewares/TraceRecorder/trcSnapshotRecorder.o
 .text.prvTraceSetObjectName
                0x000000000800744c       0xb4 ./Middlewares/TraceRecorder/trcSnapshotRecorder.o
                0x000000000800744c                prvTraceSetObjectName
 .text.prvTraceOpenSymbol
                0x0000000008007500       0xa4 ./Middlewares/TraceRecorder/trcSnapshotRecorder.o
 .text.prvTraceError
                0x00000000080075a4       0x58 ./Middlewares/TraceRecorder/trcSnapshotRecorder.o
                0x00000000080075a4                prvTraceError
 .text.prvCheckDataToBeOverwrittenForMultiEntryEvents
                0x00000000080075fc      0x11c ./Middlewares/TraceRecorder/trcSnapshotRecorder.o
 .text.prvTraceUpdateCounters
                0x0000000008007718       0x50 ./Middlewares/TraceRecorder/trcSnapshotRecorder.o
 .text.prvTraceGetDTS
                0x0000000008007768      0x1b0 ./Middlewares/TraceRecorder/trcSnapshotRecorder.o
 .text.prvTraceLookupSymbolTableEntry
                0x0000000008007918       0xfc ./Middlewares/TraceRecorder/trcSnapshotRecorder.o
 .text.prvTraceCreateSymbolTableEntry
                0x0000000008007a14      0x184 ./Middlewares/TraceRecorder/trcSnapshotRecorder.o
 .text.prvTraceGetChecksum
                0x0000000008007b98       0x8c ./Middlewares/TraceRecorder/trcSnapshotRecorder.o
 .text.prvTraceInitCortexM
                0x0000000008007c24       0x70 ./Middlewares/TraceRecorder/trcSnapshotRecorder.o
                0x0000000008007c24                prvTraceInitCortexM
 .text.prvTracePortGetTimeStamp
                0x0000000008007c94       0x94 ./Middlewares/TraceRecorder/trcSnapshotRecorder.o
                0x0000000008007c94                prvTracePortGetTimeStamp
 .text.__errno  0x0000000008007d28        0xc c:/st/stm32cubeide_1.4.0/stm32cubeide/plugins/com.st.stm32cube.ide.mcu.externaltools.gnu-tools-for-stm32.9-2020-q2-update.win32_2.0.0.202105311346/tools/bin/../lib/gcc/arm-none-eabi/9.3.1/../../../../arm-none-eabi/lib/thumb/v7e-m+fp/hard\libc_nano.a(lib_a-errno.o)
                0x0000000008007d28                __errno
 .text.__libc_init_array
                0x0000000008007d34       0x48 c:/st/stm32cubeide_1.4.0/stm32cubeide/plugins/com.st.stm32cube.ide.mcu.externaltools.gnu-tools-for-stm32.9-2020-q2-update.win32_2.0.0.202105311346/tools/bin/../lib/gcc/arm-none-eabi/9.3.1/../../../../arm-none-eabi/lib/thumb/v7e-m+fp/hard\libc_nano.a(lib_a-init.o)
                0x0000000008007d34                __libc_init_array
 .text.memcpy   0x0000000008007d7c       0x1c c:/st/stm32cubeide_1.4.0/stm32cubeide/plugins/com.st.stm32cube.ide.mcu.externaltools.gnu-tools-for-stm32.9-2020-q2-update.win32_2.0.0.202105311346/tools/bin/../lib/gcc/arm-none-eabi/9.3.1/../../../../arm-none-eabi/lib/thumb/v7e-m+fp/hard\libc_nano.a(lib_a-memcpy-stub.o)
                0x0000000008007d7c                memcpy
 .text.memset   0x0000000008007d98       0x10 c:/st/stm32cubeide_1.4.0/stm32cubeide/plugins/com.st.stm32cube.ide.mcu.externaltools.gnu-tools-for-stm32.9-2020-q2-update.win32_2.0.0.202105311346/tools/bin/../lib/gcc/arm-none-eabi/9.3.1/../../../../arm-none-eabi/lib/thumb/v7e-m+fp/hard\libc_nano.a(lib_a-memset.o)
                0x0000000008007d98                memset
 .text.printf   0x0000000008007da8       0x30 c:/st/stm32cubeide_1.4.0/stm32cubeide/plugins/com.st.stm32cube.ide.mcu.externaltools.gnu-tools-for-stm32.9-2020-q2-update.win32_2.0.0.202105311346/tools/bin/../lib/gcc/arm-none-eabi/9.3.1/../../../../arm-none-eabi/lib/thumb/v7e-m+fp/hard\libc_nano.a(lib_a-printf.o)
                0x0000000008007da8                iprintf
                0x0000000008007da8                printf
 .text._puts_r  0x0000000008007dd8       0xdc c:/st/stm32cubeide_1.4.0/stm32cubeide/plugins/com.st.stm32cube.ide.mcu.externaltools.gnu-tools-for-stm32.9-2020-q2-update.win32_2.0.0.202105311346/tools/bin/../lib/gcc/arm-none-eabi/9.3.1/../../../../arm-none-eabi/lib/thumb/v7e-m+fp/hard\libc_nano.a(lib_a-puts.o)
                0x0000000008007dd8                _puts_r
 .text.puts     0x0000000008007eb4       0x10 c:/st/stm32cubeide_1.4.0/stm32cubeide/plugins/com.st.stm32cube.ide.mcu.externaltools.gnu-tools-for-stm32.9-2020-q2-update.win32_2.0.0.202105311346/tools/bin/../lib/gcc/arm-none-eabi/9.3.1/../../../../arm-none-eabi/lib/thumb/v7e-m+fp/hard\libc_nano.a(lib_a-puts.o)
                0x0000000008007eb4                puts
 .text.strncmp  0x0000000008007ec4       0x24 c:/st/stm32cubeide_1.4.0/stm32cubeide/plugins/com.st.stm32cube.ide.mcu.externaltools.gnu-tools-for-stm32.9-2020-q2-update.win32_2.0.0.202105311346/tools/bin/../lib/gcc/arm-none-eabi/9.3.1/../../../../arm-none-eabi/lib/thumb/v7e-m+fp/hard\libc_nano.a(lib_a-strncmp.o)
                0x0000000008007ec4                strncmp
 .text.__swbuf_r
                0x0000000008007ee8       0xa4 c:/st/stm32cubeide_1.4.0/stm32cubeide/plugins/com.st.stm32cube.ide.mcu.externaltools.gnu-tools-for-stm32.9-2020-q2-update.win32_2.0.0.202105311346/tools/bin/../lib/gcc/arm-none-eabi/9.3.1/../../../../arm-none-eabi/lib/thumb/v7e-m+fp/hard\libc_nano.a(lib_a-wbuf.o)
                0x0000000008007ee8                __swbuf_r
 .text.__swsetup_r
                0x0000000008007f8c       0xdc c:/st/stm32cubeide_1.4.0/stm32cubeide/plugins/com.st.stm32cube.ide.mcu.externaltools.gnu-tools-for-stm32.9-2020-q2-update.win32_2.0.0.202105311346/tools/bin/../lib/gcc/arm-none-eabi/9.3.1/../../../../arm-none-eabi/lib/thumb/v7e-m+fp/hard\libc_nano.a(lib_a-wsetup.o)
                0x0000000008007f8c                __swsetup_r
 .text.__sflush_r
                0x0000000008008068      0x10c c:/st/stm32cubeide_1.4.0/stm32cubeide/plugins/com.st.stm32cube.ide.mcu.externaltools.gnu-tools-for-stm32.9-2020-q2-update.win32_2.0.0.202105311346/tools/bin/../lib/gcc/arm-none-eabi/9.3.1/../../../../arm-none-eabi/lib/thumb/v7e-m+fp/hard\libc_nano.a(lib_a-fflush.o)
                0x0000000008008068                __sflush_r
 .text._fflush_r
                0x0000000008008174       0x78 c:/st/stm32cubeide_1.4.0/stm32cubeide/plugins/com.st.stm32cube.ide.mcu.externaltools.gnu-tools-for-stm32.9-2020-q2-update.win32_2.0.0.202105311346/tools/bin/../lib/gcc/arm-none-eabi/9.3.1/../../../../arm-none-eabi/lib/thumb/v7e-m+fp/hard\libc_nano.a(lib_a-fflush.o)
                0x0000000008008174                _fflush_r
 .text.std      0x00000000080081ec       0x48 c:/st/stm32cubeide_1.4.0/stm32cubeide/plugins/com.st.stm32cube.ide.mcu.externaltools.gnu-tools-for-stm32.9-2020-q2-update.win32_2.0.0.202105311346/tools/bin/../lib/gcc/arm-none-eabi/9.3.1/../../../../arm-none-eabi/lib/thumb/v7e-m+fp/hard\libc_nano.a(lib_a-findfp.o)
 .text._cleanup_r
                0x0000000008008234        0xc c:/st/stm32cubeide_1.4.0/stm32cubeide/plugins/com.st.stm32cube.ide.mcu.externaltools.gnu-tools-for-stm32.9-2020-q2-update.win32_2.0.0.202105311346/tools/bin/../lib/gcc/arm-none-eabi/9.3.1/../../../../arm-none-eabi/lib/thumb/v7e-m+fp/hard\libc_nano.a(lib_a-findfp.o)
                0x0000000008008234                _cleanup_r
 .text.__sfmoreglue
                0x0000000008008240       0x2c c:/st/stm32cubeide_1.4.0/stm32cubeide/plugins/com.st.stm32cube.ide.mcu.externaltools.gnu-tools-for-stm32.9-2020-q2-update.win32_2.0.0.202105311346/tools/bin/../lib/gcc/arm-none-eabi/9.3.1/../../../../arm-none-eabi/lib/thumb/v7e-m+fp/hard\libc_nano.a(lib_a-findfp.o)
                0x0000000008008240                __sfmoreglue
 .text.__sfp_lock_acquire
                0x000000000800826c        0xc c:/st/stm32cubeide_1.4.0/stm32cubeide/plugins/com.st.stm32cube.ide.mcu.externaltools.gnu-tools-for-stm32.9-2020-q2-update.win32_2.0.0.202105311346/tools/bin/../lib/gcc/arm-none-eabi/9.3.1/../../../../arm-none-eabi/lib/thumb/v7e-m+fp/hard\libc_nano.a(lib_a-findfp.o)
                0x000000000800826c                __sfp_lock_acquire
 .text.__sfp_lock_release
                0x0000000008008278        0xc c:/st/stm32cubeide_1.4.0/stm32cubeide/plugins/com.st.stm32cube.ide.mcu.externaltools.gnu-tools-for-stm32.9-2020-q2-update.win32_2.0.0.202105311346/tools/bin/../lib/gcc/arm-none-eabi/9.3.1/../../../../arm-none-eabi/lib/thumb/v7e-m+fp/hard\libc_nano.a(lib_a-findfp.o)
                0x0000000008008278                __sfp_lock_release
 .text.__sinit_lock_acquire
                0x0000000008008284        0xc c:/st/stm32cubeide_1.4.0/stm32cubeide/plugins/com.st.stm32cube.ide.mcu.externaltools.gnu-tools-for-stm32.9-2020-q2-update.win32_2.0.0.202105311346/tools/bin/../lib/gcc/arm-none-eabi/9.3.1/../../../../arm-none-eabi/lib/thumb/v7e-m+fp/hard\libc_nano.a(lib_a-findfp.o)
                0x0000000008008284                __sinit_lock_acquire
 .text.__sinit_lock_release
                0x0000000008008290        0xc c:/st/stm32cubeide_1.4.0/stm32cubeide/plugins/com.st.stm32cube.ide.mcu.externaltools.gnu-tools-for-stm32.9-2020-q2-update.win32_2.0.0.202105311346/tools/bin/../lib/gcc/arm-none-eabi/9.3.1/../../../../arm-none-eabi/lib/thumb/v7e-m+fp/hard\libc_nano.a(lib_a-findfp.o)
                0x0000000008008290                __sinit_lock_release
 .text.__sinit  0x000000000800829c       0x70 c:/st/stm32cubeide_1.4.0/stm32cubeide/plugins/com.st.stm32cube.ide.mcu.externaltools.gnu-tools-for-stm32.9-2020-q2-update.win32_2.0.0.202105311346/tools/bin/../lib/gcc/arm-none-eabi/9.3.1/../../../../arm-none-eabi/lib/thumb/v7e-m+fp/hard\libc_nano.a(lib_a-findfp.o)
                0x000000000800829c                __sinit
 .text.__sfp    0x000000000800830c       0x8c c:/st/stm32cubeide_1.4.0/stm32cubeide/plugins/com.st.stm32cube.ide.mcu.externaltools.gnu-tools-for-stm32.9-2020-q2-update.win32_2.0.0.202105311346/tools/bin/../lib/gcc/arm-none-eabi/9.3.1/../../../../arm-none-eabi/lib/thumb/v7e-m+fp/hard\libc_nano.a(lib_a-findfp.o)
                0x000000000800830c                __sfp
 .text._fwalk_reent
                0x0000000008008398       0x3e c:/st/stm32cubeide_1.4.0/stm32cubeide/plugins/com.st.stm32cube.ide.mcu.externaltools.gnu-tools-for-stm32.9-2020-q2-update.win32_2.0.0.202105311346/tools/bin/../lib/gcc/arm-none-eabi/9.3.1/../../../../arm-none-eabi/lib/thumb/v7e-m+fp/hard\libc_nano.a(lib_a-fwalk.o)
                0x0000000008008398                _fwalk_reent
 .text.__retarget_lock_init_recursive
                0x00000000080083d6        0x2 c:/st/stm32cubeide_1.4.0/stm32cubeide/plugins/com.st.stm32cube.ide.mcu.externaltools.gnu-tools-for-stm32.9-2020-q2-update.win32_2.0.0.202105311346/tools/bin/../lib/gcc/arm-none-eabi/9.3.1/../../../../arm-none-eabi/lib/thumb/v7e-m+fp/hard\libc_nano.a(lib_a-lock.o)
                0x00000000080083d6                __retarget_lock_init_recursive
 .text.__retarget_lock_acquire_recursive
                0x00000000080083d8        0x2 c:/st/stm32cubeide_1.4.0/stm32cubeide/plugins/com.st.stm32cube.ide.mcu.externaltools.gnu-tools-for-stm32.9-2020-q2-update.win32_2.0.0.202105311346/tools/bin/../lib/gcc/arm-none-eabi/9.3.1/../../../../arm-none-eabi/lib/thumb/v7e-m+fp/hard\libc_nano.a(lib_a-lock.o)
                0x00000000080083d8                __retarget_lock_acquire_recursive
 .text.__retarget_lock_release_recursive
                0x00000000080083da        0x2 c:/st/stm32cubeide_1.4.0/stm32cubeide/plugins/com.st.stm32cube.ide.mcu.externaltools.gnu-tools-for-stm32.9-2020-q2-update.win32_2.0.0.202105311346/tools/bin/../lib/gcc/arm-none-eabi/9.3.1/../../../../arm-none-eabi/lib/thumb/v7e-m+fp/hard\libc_nano.a(lib_a-lock.o)
                0x00000000080083da                __retarget_lock_release_recursive
 .text.__swhatbuf_r
                0x00000000080083dc       0x48 c:/st/stm32cubeide_1.4.0/stm32cubeide/plugins/com.st.stm32cube.ide.mcu.externaltools.gnu-tools-for-stm32.9-2020-q2-update.win32_2.0.0.202105311346/tools/bin/../lib/gcc/arm-none-eabi/9.3.1/../../../../arm-none-eabi/lib/thumb/v7e-m+fp/hard\libc_nano.a(lib_a-makebuf.o)
                0x00000000080083dc                __swhatbuf_r
 .text.__smakebuf_r
                0x0000000008008424       0x80 c:/st/stm32cubeide_1.4.0/stm32cubeide/plugins/com.st.stm32cube.ide.mcu.externaltools.gnu-tools-for-stm32.9-2020-q2-update.win32_2.0.0.202105311346/tools/bin/../lib/gcc/arm-none-eabi/9.3.1/../../../../arm-none-eabi/lib/thumb/v7e-m+fp/hard\libc_nano.a(lib_a-makebuf.o)
                0x0000000008008424                __smakebuf_r
 .text._free_r  0x00000000080084a4       0xa0 c:/st/stm32cubeide_1.4.0/stm32cubeide/plugins/com.st.stm32cube.ide.mcu.externaltools.gnu-tools-for-stm32.9-2020-q2-update.win32_2.0.0.202105311346/tools/bin/../lib/gcc/arm-none-eabi/9.3.1/../../../../arm-none-eabi/lib/thumb/v7e-m+fp/hard\libc_nano.a(lib_a-nano-freer.o)
                0x00000000080084a4                _free_r
 .text._malloc_r
                0x0000000008008544       0xb4 c:/st/stm32cubeide_1.4.0/stm32cubeide/plugins/com.st.stm32cube.ide.mcu.externaltools.gnu-tools-for-stm32.9-2020-q2-update.win32_2.0.0.202105311346/tools/bin/../lib/gcc/arm-none-eabi/9.3.1/../../../../arm-none-eabi/lib/thumb/v7e-m+fp/hard\libc_nano.a(lib_a-nano-mallocr.o)
                0x0000000008008544                _malloc_r
 .text.__sfputc_r
                0x00000000080085f8       0x2e c:/st/stm32cubeide_1.4.0/stm32cubeide/plugins/com.st.stm32cube.ide.mcu.externaltools.gnu-tools-for-stm32.9-2020-q2-update.win32_2.0.0.202105311346/tools/bin/../lib/gcc/arm-none-eabi/9.3.1/../../../../arm-none-eabi/lib/thumb/v7e-m+fp/hard\libc_nano.a(lib_a-nano-vfprintf.o)
 .text.__sfputs_r
                0x0000000008008626       0x24 c:/st/stm32cubeide_1.4.0/stm32cubeide/plugins/com.st.stm32cube.ide.mcu.externaltools.gnu-tools-for-stm32.9-2020-q2-update.win32_2.0.0.202105311346/tools/bin/../lib/gcc/arm-none-eabi/9.3.1/../../../../arm-none-eabi/lib/thumb/v7e-m+fp/hard\libc_nano.a(lib_a-nano-vfprintf.o)
                0x0000000008008626                __sfputs_r
 *fill*         0x000000000800864a        0x2 
 .text._vfprintf_r
                0x000000000800864c      0x260 c:/st/stm32cubeide_1.4.0/stm32cubeide/plugins/com.st.stm32cube.ide.mcu.externaltools.gnu-tools-for-stm32.9-2020-q2-update.win32_2.0.0.202105311346/tools/bin/../lib/gcc/arm-none-eabi/9.3.1/../../../../arm-none-eabi/lib/thumb/v7e-m+fp/hard\libc_nano.a(lib_a-nano-vfprintf.o)
                0x000000000800864c                _vfprintf_r
                0x000000000800864c                _vfiprintf_r
 .text._printf_common
                0x00000000080088ac       0xda c:/st/stm32cubeide_1.4.0/stm32cubeide/plugins/com.st.stm32cube.ide.mcu.externaltools.gnu-tools-for-stm32.9-2020-q2-update.win32_2.0.0.202105311346/tools/bin/../lib/gcc/arm-none-eabi/9.3.1/../../../../arm-none-eabi/lib/thumb/v7e-m+fp/hard\libc_nano.a(lib_a-nano-vfprintf_i.o)
                0x00000000080088ac                _printf_common
 *fill*         0x0000000008008986        0x2 
 .text._printf_i
                0x0000000008008988      0x24c c:/st/stm32cubeide_1.4.0/stm32cubeide/plugins/com.st.stm32cube.ide.mcu.externaltools.gnu-tools-for-stm32.9-2020-q2-update.win32_2.0.0.202105311346/tools/bin/../lib/gcc/arm-none-eabi/9.3.1/../../../../arm-none-eabi/lib/thumb/v7e-m+fp/hard\libc_nano.a(lib_a-nano-vfprintf_i.o)
                0x0000000008008988                _printf_i
 .text._sbrk_r  0x0000000008008bd4       0x20 c:/st/stm32cubeide_1.4.0/stm32cubeide/plugins/com.st.stm32cube.ide.mcu.externaltools.gnu-tools-for-stm32.9-2020-q2-update.win32_2.0.0.202105311346/tools/bin/../lib/gcc/arm-none-eabi/9.3.1/../../../../arm-none-eabi/lib/thumb/v7e-m+fp/hard\libc_nano.a(lib_a-sbrkr.o)
                0x0000000008008bd4                _sbrk_r
 .text.__sread  0x0000000008008bf4       0x22 c:/st/stm32cubeide_1.4.0/stm32cubeide/plugins/com.st.stm32cube.ide.mcu.externaltools.gnu-tools-for-stm32.9-2020-q2-update.win32_2.0.0.202105311346/tools/bin/../lib/gcc/arm-none-eabi/9.3.1/../../../../arm-none-eabi/lib/thumb/v7e-m+fp/hard\libc_nano.a(lib_a-stdio.o)
                0x0000000008008bf4                __sread
 .text.__swrite
                0x0000000008008c16       0x38 c:/st/stm32cubeide_1.4.0/stm32cubeide/plugins/com.st.stm32cube.ide.mcu.externaltools.gnu-tools-for-stm32.9-2020-q2-update.win32_2.0.0.202105311346/tools/bin/../lib/gcc/arm-none-eabi/9.3.1/../../../../arm-none-eabi/lib/thumb/v7e-m+fp/hard\libc_nano.a(lib_a-stdio.o)
                0x0000000008008c16                __swrite
 .text.__sseek  0x0000000008008c4e       0x24 c:/st/stm32cubeide_1.4.0/stm32cubeide/plugins/com.st.stm32cube.ide.mcu.externaltools.gnu-tools-for-stm32.9-2020-q2-update.win32_2.0.0.202105311346/tools/bin/../lib/gcc/arm-none-eabi/9.3.1/../../../../arm-none-eabi/lib/thumb/v7e-m+fp/hard\libc_nano.a(lib_a-stdio.o)
                0x0000000008008c4e                __sseek
 .text.__sclose
                0x0000000008008c72        0x8 c:/st/stm32cubeide_1.4.0/stm32cubeide/plugins/com.st.stm32cube.ide.mcu.externaltools.gnu-tools-for-stm32.9-2020-q2-update.win32_2.0.0.202105311346/tools/bin/../lib/gcc/arm-none-eabi/9.3.1/../../../../arm-none-eabi/lib/thumb/v7e-m+fp/hard\libc_nano.a(lib_a-stdio.o)
                0x0000000008008c72                __sclose
 *fill*         0x0000000008008c7a        0x2 
 .text._write_r
                0x0000000008008c7c       0x24 c:/st/stm32cubeide_1.4.0/stm32cubeide/plugins/com.st.stm32cube.ide.mcu.externaltools.gnu-tools-for-stm32.9-2020-q2-update.win32_2.0.0.202105311346/tools/bin/../lib/gcc/arm-none-eabi/9.3.1/../../../../arm-none-eabi/lib/thumb/v7e-m+fp/hard\libc_nano.a(lib_a-writer.o)
                0x0000000008008c7c                _write_r
 .text._close_r
                0x0000000008008ca0       0x20 c:/st/stm32cubeide_1.4.0/stm32cubeide/plugins/com.st.stm32cube.ide.mcu.externaltools.gnu-tools-for-stm32.9-2020-q2-update.win32_2.0.0.202105311346/tools/bin/../lib/gcc/arm-none-eabi/9.3.1/../../../../arm-none-eabi/lib/thumb/v7e-m+fp/hard\libc_nano.a(lib_a-closer.o)
                0x0000000008008ca0                _close_r
 .text._fstat_r
                0x0000000008008cc0       0x24 c:/st/stm32cubeide_1.4.0/stm32cubeide/plugins/com.st.stm32cube.ide.mcu.externaltools.gnu-tools-for-stm32.9-2020-q2-update.win32_2.0.0.202105311346/tools/bin/../lib/gcc/arm-none-eabi/9.3.1/../../../../arm-none-eabi/lib/thumb/v7e-m+fp/hard\libc_nano.a(lib_a-fstatr.o)
                0x0000000008008cc0                _fstat_r
 .text._isatty_r
                0x0000000008008ce4       0x20 c:/st/stm32cubeide_1.4.0/stm32cubeide/plugins/com.st.stm32cube.ide.mcu.externaltools.gnu-tools-for-stm32.9-2020-q2-update.win32_2.0.0.202105311346/tools/bin/../lib/gcc/arm-none-eabi/9.3.1/../../../../arm-none-eabi/lib/thumb/v7e-m+fp/hard\libc_nano.a(lib_a-isattyr.o)
                0x0000000008008ce4                _isatty_r
 .text._lseek_r
                0x0000000008008d04       0x24 c:/st/stm32cubeide_1.4.0/stm32cubeide/plugins/com.st.stm32cube.ide.mcu.externaltools.gnu-tools-for-stm32.9-2020-q2-update.win32_2.0.0.202105311346/tools/bin/../lib/gcc/arm-none-eabi/9.3.1/../../../../arm-none-eabi/lib/thumb/v7e-m+fp/hard\libc_nano.a(lib_a-lseekr.o)
                0x0000000008008d04                _lseek_r
 .text.__malloc_lock
                0x0000000008008d28        0xc c:/st/stm32cubeide_1.4.0/stm32cubeide/plugins/com.st.stm32cube.ide.mcu.externaltools.gnu-tools-for-stm32.9-2020-q2-update.win32_2.0.0.202105311346/tools/bin/../lib/gcc/arm-none-eabi/9.3.1/../../../../arm-none-eabi/lib/thumb/v7e-m+fp/hard\libc_nano.a(lib_a-mlock.o)
                0x0000000008008d28                __malloc_lock
 .text.__malloc_unlock
                0x0000000008008d34        0xc c:/st/stm32cubeide_1.4.0/stm32cubeide/plugins/com.st.stm32cube.ide.mcu.externaltools.gnu-tools-for-stm32.9-2020-q2-update.win32_2.0.0.202105311346/tools/bin/../lib/gcc/arm-none-eabi/9.3.1/../../../../arm-none-eabi/lib/thumb/v7e-m+fp/hard\libc_nano.a(lib_a-mlock.o)
                0x0000000008008d34                __malloc_unlock
 .text._read_r  0x0000000008008d40       0x24 c:/st/stm32cubeide_1.4.0/stm32cubeide/plugins/com.st.stm32cube.ide.mcu.externaltools.gnu-tools-for-stm32.9-2020-q2-update.win32_2.0.0.202105311346/tools/bin/../lib/gcc/arm-none-eabi/9.3.1/../../../../arm-none-eabi/lib/thumb/v7e-m+fp/hard\libc_nano.a(lib_a-readr.o)
                0x0000000008008d40                _read_r
 *(.glue_7)
 .glue_7        0x0000000008008d64        0x0 linker stubs
 *(.glue_7t)
 .glue_7t       0x0000000008008d64        0x0 linker stubs
 *(.eh_frame)
 .eh_frame      0x0000000008008d64        0x0 c:/st/stm32cubeide_1.4.0/stm32cubeide/plugins/com.st.stm32cube.ide.mcu.externaltools.gnu-tools-for-stm32.9-2020-q2-update.win32_2.0.0.202105311346/tools/bin/../lib/gcc/arm-none-eabi/9.3.1/thumb/v7e-m+fp/hard/crtbegin.o
 *(.init)
 .init          0x0000000008008d64        0x4 c:/st/stm32cubeide_1.4.0/stm32cubeide/plugins/com.st.stm32cube.ide.mcu.externaltools.gnu-tools-for-stm32.9-2020-q2-update.win32_2.0.0.202105311346/tools/bin/../lib/gcc/arm-none-eabi/9.3.1/thumb/v7e-m+fp/hard/crti.o
                0x0000000008008d64                _init
 .init          0x0000000008008d68        0x8 c:/st/stm32cubeide_1.4.0/stm32cubeide/plugins/com.st.stm32cube.ide.mcu.externaltools.gnu-tools-for-stm32.9-2020-q2-update.win32_2.0.0.202105311346/tools/bin/../lib/gcc/arm-none-eabi/9.3.1/thumb/v7e-m+fp/hard/crtn.o
 *(.fini)
 .fini          0x0000000008008d70        0x4 c:/st/stm32cubeide_1.4.0/stm32cubeide/plugins/com.st.stm32cube.ide.mcu.externaltools.gnu-tools-for-stm32.9-2020-q2-update.win32_2.0.0.202105311346/tools/bin/../lib/gcc/arm-none-eabi/9.3.1/thumb/v7e-m+fp/hard/crti.o
                0x0000000008008d70                _fini
 .fini          0x0000000008008d74        0x8 c:/st/stm32cubeide_1.4.0/stm32cubeide/plugins/com.st.stm32cube.ide.mcu.externaltools.gnu-tools-for-stm32.9-2020-q2-update.win32_2.0.0.202105311346/tools/bin/../lib/gcc/arm-none-eabi/9.3.1/thumb/v7e-m+fp/hard/crtn.o
                0x0000000008008d7c                . = ALIGN (0x4)
                0x0000000008008d7c                _etext = .

.vfp11_veneer   0x0000000008008d7c        0x0
 .vfp11_veneer  0x0000000008008d7c        0x0 linker stubs

.v4_bx          0x0000000008008d7c        0x0
 .v4_bx         0x0000000008008d7c        0x0 linker stubs

.iplt           0x0000000008008d7c        0x0
 .iplt          0x0000000008008d7c        0x0 c:/st/stm32cubeide_1.4.0/stm32cubeide/plugins/com.st.stm32cube.ide.mcu.externaltools.gnu-tools-for-stm32.9-2020-q2-update.win32_2.0.0.202105311346/tools/bin/../lib/gcc/arm-none-eabi/9.3.1/thumb/v7e-m+fp/hard/crtbegin.o

.rodata         0x0000000008008d7c     0x15dc
                0x0000000008008d7c                . = ALIGN (0x4)
 *(.rodata)
 .rodata        0x0000000008008d7c      0x104 ./Core/Src/main.o
 .rodata        0x0000000008008e80        0x5 ./Middlewares/Third_Party/FreeRTOS/Source/tasks.o
 *fill*         0x0000000008008e85        0x3 
 .rodata        0x0000000008008e88      0x372 ./Middlewares/TraceRecorder/trcKernelPort.o
 *fill*         0x00000000080091fa        0x2 
 .rodata        0x00000000080091fc     0x10a4 ./Middlewares/TraceRecorder/trcSnapshotRecorder.o
 *(.rodata*)
 .rodata.os_semaphore_def_SEM_PRINT
                0x000000000800a2a0        0x8 ./Core/Src/main.o
                0x000000000800a2a0                os_semaphore_def_SEM_PRINT
 .rodata.AHBPrescTable
                0x000000000800a2a8       0x10 ./Core/Src/system_stm32f4xx.o
                0x000000000800a2a8                AHBPrescTable
 .rodata.APBPrescTable
                0x000000000800a2b8        0x8 ./Core/Src/system_stm32f4xx.o
                0x000000000800a2b8                APBPrescTable
 .rodata._global_impure_ptr
                0x000000000800a2c0        0x4 c:/st/stm32cubeide_1.4.0/stm32cubeide/plugins/com.st.stm32cube.ide.mcu.externaltools.gnu-tools-for-stm32.9-2020-q2-update.win32_2.0.0.202105311346/tools/bin/../lib/gcc/arm-none-eabi/9.3.1/../../../../arm-none-eabi/lib/thumb/v7e-m+fp/hard\libc_nano.a(lib_a-impure.o)
                0x000000000800a2c0                _global_impure_ptr
 .rodata.__sf_fake_stderr
                0x000000000800a2c4       0x20 c:/st/stm32cubeide_1.4.0/stm32cubeide/plugins/com.st.stm32cube.ide.mcu.externaltools.gnu-tools-for-stm32.9-2020-q2-update.win32_2.0.0.202105311346/tools/bin/../lib/gcc/arm-none-eabi/9.3.1/../../../../arm-none-eabi/lib/thumb/v7e-m+fp/hard\libc_nano.a(lib_a-findfp.o)
                0x000000000800a2c4                __sf_fake_stderr
 .rodata.__sf_fake_stdin
                0x000000000800a2e4       0x20 c:/st/stm32cubeide_1.4.0/stm32cubeide/plugins/com.st.stm32cube.ide.mcu.externaltools.gnu-tools-for-stm32.9-2020-q2-update.win32_2.0.0.202105311346/tools/bin/../lib/gcc/arm-none-eabi/9.3.1/../../../../arm-none-eabi/lib/thumb/v7e-m+fp/hard\libc_nano.a(lib_a-findfp.o)
                0x000000000800a2e4                __sf_fake_stdin
 .rodata.__sf_fake_stdout
                0x000000000800a304       0x20 c:/st/stm32cubeide_1.4.0/stm32cubeide/plugins/com.st.stm32cube.ide.mcu.externaltools.gnu-tools-for-stm32.9-2020-q2-update.win32_2.0.0.202105311346/tools/bin/../lib/gcc/arm-none-eabi/9.3.1/../../../../arm-none-eabi/lib/thumb/v7e-m+fp/hard\libc_nano.a(lib_a-findfp.o)
                0x000000000800a304                __sf_fake_stdout
 .rodata._vfprintf_r.str1.1
                0x000000000800a324       0x11 c:/st/stm32cubeide_1.4.0/stm32cubeide/plugins/com.st.stm32cube.ide.mcu.externaltools.gnu-tools-for-stm32.9-2020-q2-update.win32_2.0.0.202105311346/tools/bin/../lib/gcc/arm-none-eabi/9.3.1/../../../../arm-none-eabi/lib/thumb/v7e-m+fp/hard\libc_nano.a(lib_a-nano-vfprintf.o)
 .rodata._printf_i.str1.1
                0x000000000800a335       0x22 c:/st/stm32cubeide_1.4.0/stm32cubeide/plugins/com.st.stm32cube.ide.mcu.externaltools.gnu-tools-for-stm32.9-2020-q2-update.win32_2.0.0.202105311346/tools/bin/../lib/gcc/arm-none-eabi/9.3.1/../../../../arm-none-eabi/lib/thumb/v7e-m+fp/hard\libc_nano.a(lib_a-nano-vfprintf_i.o)
                0x000000000800a358                . = ALIGN (0x4)
 *fill*         0x000000000800a357        0x1 

.ARM.extab      0x000000000800a358        0x0
                0x000000000800a358                . = ALIGN (0x4)
 *(.ARM.extab* .gnu.linkonce.armextab.*)
                0x000000000800a358                . = ALIGN (0x4)

.ARM            0x000000000800a358        0x8
                0x000000000800a358                . = ALIGN (0x4)
                0x000000000800a358                __exidx_start = .
 *(.ARM.exidx*)
 .ARM.exidx     0x000000000800a358        0x8 c:/st/stm32cubeide_1.4.0/stm32cubeide/plugins/com.st.stm32cube.ide.mcu.externaltools.gnu-tools-for-stm32.9-2020-q2-update.win32_2.0.0.202105311346/tools/bin/../lib/gcc/arm-none-eabi/9.3.1/thumb/v7e-m+fp/hard\libgcc.a(_udivmoddi4.o)
                0x000000000800a360                __exidx_end = .
                0x000000000800a360                . = ALIGN (0x4)

.rel.dyn        0x000000000800a360        0x0
 .rel.iplt      0x000000000800a360        0x0 c:/st/stm32cubeide_1.4.0/stm32cubeide/plugins/com.st.stm32cube.ide.mcu.externaltools.gnu-tools-for-stm32.9-2020-q2-update.win32_2.0.0.202105311346/tools/bin/../lib/gcc/arm-none-eabi/9.3.1/thumb/v7e-m+fp/hard/crtbegin.o

.preinit_array  0x000000000800a360        0x0
                0x000000000800a360                . = ALIGN (0x4)
                0x000000000800a360                PROVIDE (__preinit_array_start = .)
 *(.preinit_array*)
                0x000000000800a360                PROVIDE (__preinit_array_end = .)
                0x000000000800a360                . = ALIGN (0x4)

.init_array     0x000000000800a360        0x4
                0x000000000800a360                . = ALIGN (0x4)
                0x000000000800a360                PROVIDE (__init_array_start = .)
 *(SORT_BY_NAME(.init_array.*))
 *(.init_array*)
 .init_array    0x000000000800a360        0x4 c:/st/stm32cubeide_1.4.0/stm32cubeide/plugins/com.st.stm32cube.ide.mcu.externaltools.gnu-tools-for-stm32.9-2020-q2-update.win32_2.0.0.202105311346/tools/bin/../lib/gcc/arm-none-eabi/9.3.1/thumb/v7e-m+fp/hard/crtbegin.o
                0x000000000800a364                PROVIDE (__init_array_end = .)
                0x000000000800a364                . = ALIGN (0x4)

.fini_array     0x000000000800a364        0x4
                0x000000000800a364                . = ALIGN (0x4)
                [!provide]                        PROVIDE (__fini_array_start = .)
 *(SORT_BY_NAME(.fini_array.*))
 *(.fini_array*)
 .fini_array    0x000000000800a364        0x4 c:/st/stm32cubeide_1.4.0/stm32cubeide/plugins/com.st.stm32cube.ide.mcu.externaltools.gnu-tools-for-stm32.9-2020-q2-update.win32_2.0.0.202105311346/tools/bin/../lib/gcc/arm-none-eabi/9.3.1/thumb/v7e-m+fp/hard/crtbegin.o
                [!provide]                        PROVIDE (__fini_array_end = .)
                0x000000000800a368                . = ALIGN (0x4)
                0x000000000800a368                _sidata = LOADADDR (.data)

.data           0x0000000020000000       0x80 load address 0x000000000800a368
                0x0000000020000000                . = ALIGN (0x4)
                0x0000000020000000                _sdata = .
 *(.data)
 *(.data*)
 .data.SystemCoreClock
                0x0000000020000000        0x4 ./Core/Src/system_stm32f4xx.o
                0x0000000020000000                SystemCoreClock
 .data.uwTickPrio
                0x0000000020000004        0x4 ./Drivers/STM32F4xx_HAL_Driver/Src/stm32f4xx_hal.o
                0x0000000020000004                uwTickPrio
 .data.uwTickFreq
                0x0000000020000008        0x1 ./Drivers/STM32F4xx_HAL_Driver/Src/stm32f4xx_hal.o
                0x0000000020000008                uwTickFreq
 *fill*         0x0000000020000009        0x3 
 .data.uxCriticalNesting
                0x000000002000000c        0x4 ./Middlewares/Third_Party/FreeRTOS/Source/portable/GCC/ARM_CM4F/port.o
 .data.TraceQueueClassTable
                0x0000000020000010        0x5 ./Middlewares/TraceRecorder/trcKernelPort.o
                0x0000000020000010                TraceQueueClassTable
 *fill*         0x0000000020000015        0x3 
 .data.readyEventsEnabled
                0x0000000020000018        0x4 ./Middlewares/TraceRecorder/trcSnapshotRecorder.o
 .data._impure_ptr
                0x000000002000001c        0x4 c:/st/stm32cubeide_1.4.0/stm32cubeide/plugins/com.st.stm32cube.ide.mcu.externaltools.gnu-tools-for-stm32.9-2020-q2-update.win32_2.0.0.202105311346/tools/bin/../lib/gcc/arm-none-eabi/9.3.1/../../../../arm-none-eabi/lib/thumb/v7e-m+fp/hard\libc_nano.a(lib_a-impure.o)
                0x000000002000001c                _impure_ptr
 .data.impure_data
                0x0000000020000020       0x60 c:/st/stm32cubeide_1.4.0/stm32cubeide/plugins/com.st.stm32cube.ide.mcu.externaltools.gnu-tools-for-stm32.9-2020-q2-update.win32_2.0.0.202105311346/tools/bin/../lib/gcc/arm-none-eabi/9.3.1/../../../../arm-none-eabi/lib/thumb/v7e-m+fp/hard\libc_nano.a(lib_a-impure.o)
                0x0000000020000080                . = ALIGN (0x4)
                0x0000000020000080                _edata = .

.igot.plt       0x0000000020000080        0x0 load address 0x000000000800a3e8
 .igot.plt      0x0000000020000080        0x0 c:/st/stm32cubeide_1.4.0/stm32cubeide/plugins/com.st.stm32cube.ide.mcu.externaltools.gnu-tools-for-stm32.9-2020-q2-update.win32_2.0.0.202105311346/tools/bin/../lib/gcc/arm-none-eabi/9.3.1/thumb/v7e-m+fp/hard/crtbegin.o
                0x0000000020000080                . = ALIGN (0x4)

.bss            0x0000000020000080     0x6768 load address 0x000000000800a3e8
                0x0000000020000080                _sbss = .
                0x0000000020000080                __bss_start__ = _sbss
 *(.bss)
 .bss           0x0000000020000080       0x1c c:/st/stm32cubeide_1.4.0/stm32cubeide/plugins/com.st.stm32cube.ide.mcu.externaltools.gnu-tools-for-stm32.9-2020-q2-update.win32_2.0.0.202105311346/tools/bin/../lib/gcc/arm-none-eabi/9.3.1/thumb/v7e-m+fp/hard/crtbegin.o
 *(.bss*)
 .bss.xIdleTaskTCBBuffer
                0x000000002000009c       0x5c ./Core/Src/freertos.o
 .bss.xIdleStack
                0x00000000200000f8      0x200 ./Core/Src/freertos.o
 .bss.__sbrk_heap_end
                0x00000000200002f8        0x4 ./Core/Src/sysmem.o
 .bss.pxCurrentTCB
                0x00000000200002fc        0x4 ./Middlewares/Third_Party/FreeRTOS/Source/tasks.o
                0x00000000200002fc                pxCurrentTCB
 .bss.pxReadyTasksLists
                0x0000000020000300       0x8c ./Middlewares/Third_Party/FreeRTOS/Source/tasks.o
 .bss.xDelayedTaskList1
                0x000000002000038c       0x14 ./Middlewares/Third_Party/FreeRTOS/Source/tasks.o
 .bss.xDelayedTaskList2
                0x00000000200003a0       0x14 ./Middlewares/Third_Party/FreeRTOS/Source/tasks.o
 .bss.pxDelayedTaskList
                0x00000000200003b4        0x4 ./Middlewares/Third_Party/FreeRTOS/Source/tasks.o
 .bss.pxOverflowDelayedTaskList
                0x00000000200003b8        0x4 ./Middlewares/Third_Party/FreeRTOS/Source/tasks.o
 .bss.xPendingReadyList
                0x00000000200003bc       0x14 ./Middlewares/Third_Party/FreeRTOS/Source/tasks.o
 .bss.xTasksWaitingTermination
                0x00000000200003d0       0x14 ./Middlewares/Third_Party/FreeRTOS/Source/tasks.o
 .bss.uxDeletedTasksWaitingCleanUp
                0x00000000200003e4        0x4 ./Middlewares/Third_Party/FreeRTOS/Source/tasks.o
 .bss.xSuspendedTaskList
                0x00000000200003e8       0x14 ./Middlewares/Third_Party/FreeRTOS/Source/tasks.o
 .bss.uxCurrentNumberOfTasks
                0x00000000200003fc        0x4 ./Middlewares/Third_Party/FreeRTOS/Source/tasks.o
 .bss.xTickCount
                0x0000000020000400        0x4 ./Middlewares/Third_Party/FreeRTOS/Source/tasks.o
 .bss.uxTopReadyPriority
                0x0000000020000404        0x4 ./Middlewares/Third_Party/FreeRTOS/Source/tasks.o
 .bss.xSchedulerRunning
                0x0000000020000408        0x4 ./Middlewares/Third_Party/FreeRTOS/Source/tasks.o
 .bss.uxPendedTicks
                0x000000002000040c        0x4 ./Middlewares/Third_Party/FreeRTOS/Source/tasks.o
 .bss.xYieldPending
                0x0000000020000410        0x4 ./Middlewares/Third_Party/FreeRTOS/Source/tasks.o
 .bss.xNumOfOverflows
                0x0000000020000414        0x4 ./Middlewares/Third_Party/FreeRTOS/Source/tasks.o
 .bss.uxTaskNumber
                0x0000000020000418        0x4 ./Middlewares/Third_Party/FreeRTOS/Source/tasks.o
 .bss.xNextTaskUnblockTime
                0x000000002000041c        0x4 ./Middlewares/Third_Party/FreeRTOS/Source/tasks.o
 .bss.xIdleTaskHandle
                0x0000000020000420        0x4 ./Middlewares/Third_Party/FreeRTOS/Source/tasks.o
 .bss.uxSchedulerSuspended
                0x0000000020000424        0x4 ./Middlewares/Third_Party/FreeRTOS/Source/tasks.o
 .bss.ucMaxSysCallPriority
                0x0000000020000428        0x1 ./Middlewares/Third_Party/FreeRTOS/Source/portable/GCC/ARM_CM4F/port.o
 *fill*         0x0000000020000429        0x3 
 .bss.ulMaxPRIGROUPValue
                0x000000002000042c        0x4 ./Middlewares/Third_Party/FreeRTOS/Source/portable/GCC/ARM_CM4F/port.o
 .bss.ucHeap    0x0000000020000430     0x3c00 ./Middlewares/Third_Party/FreeRTOS/Source/portable/MemMang/heap_4.o
 .bss.xStart    0x0000000020004030        0x8 ./Middlewares/Third_Party/FreeRTOS/Source/portable/MemMang/heap_4.o
 .bss.pxEnd     0x0000000020004038        0x4 ./Middlewares/Third_Party/FreeRTOS/Source/portable/MemMang/heap_4.o
 .bss.xFreeBytesRemaining
                0x000000002000403c        0x4 ./Middlewares/Third_Party/FreeRTOS/Source/portable/MemMang/heap_4.o
 .bss.xMinimumEverFreeBytesRemaining
                0x0000000020004040        0x4 ./Middlewares/Third_Party/FreeRTOS/Source/portable/MemMang/heap_4.o
 .bss.xBlockAllocatedBit
                0x0000000020004044        0x4 ./Middlewares/Third_Party/FreeRTOS/Source/portable/MemMang/heap_4.o
 .bss.isPendingContextSwitch
                0x0000000020004048        0x4 ./Middlewares/TraceRecorder/trcSnapshotRecorder.o
                0x0000000020004048                isPendingContextSwitch
 .bss.uiTraceTickCount
                0x000000002000404c        0x4 ./Middlewares/TraceRecorder/trcSnapshotRecorder.o
                0x000000002000404c                uiTraceTickCount
 .bss.trace_disable_timestamp
                0x0000000020004050        0x4 ./Middlewares/TraceRecorder/trcSnapshotRecorder.o
                0x0000000020004050                trace_disable_timestamp
 .bss.last_timestamp
                0x0000000020004054        0x4 ./Middlewares/TraceRecorder/trcSnapshotRecorder.o
 .bss.uiTraceSystemState
                0x0000000020004058        0x4 ./Middlewares/TraceRecorder/trcSnapshotRecorder.o
                0x0000000020004058                uiTraceSystemState
 .bss.recorder_busy
                0x000000002000405c        0x4 ./Middlewares/TraceRecorder/trcSnapshotRecorder.o
                0x000000002000405c                recorder_busy
 .bss.timestampFrequency
                0x0000000020004060        0x4 ./Middlewares/TraceRecorder/trcSnapshotRecorder.o
                0x0000000020004060                timestampFrequency
 .bss.handle_of_last_logged_task
                0x0000000020004064        0x1 ./Middlewares/TraceRecorder/trcSnapshotRecorder.o
                0x0000000020004064                handle_of_last_logged_task
 *fill*         0x0000000020004065        0x3 
 .bss.vTraceStopHookPtr
                0x0000000020004068        0x4 ./Middlewares/TraceRecorder/trcSnapshotRecorder.o
                0x0000000020004068                vTraceStopHookPtr
 .bss.RecorderInitialized
                0x000000002000406c        0x4 ./Middlewares/TraceRecorder/trcSnapshotRecorder.o
                0x000000002000406c                RecorderInitialized
 .bss.indexOfHandle.9391
                0x0000000020004070        0x4 ./Middlewares/TraceRecorder/trcSnapshotRecorder.o
 .bss.idx.9418  0x0000000020004074        0x2 ./Middlewares/TraceRecorder/trcSnapshotRecorder.o
 *fill*         0x0000000020004076        0x2 
 .bss.old_timestamp.9454
                0x0000000020004078        0x4 ./Middlewares/TraceRecorder/trcSnapshotRecorder.o
 .bss.last_hwtc_count.9492
                0x000000002000407c        0x4 ./Middlewares/TraceRecorder/trcSnapshotRecorder.o
 .bss.last_hwtc_rest.9494
                0x0000000020004080        0x4 ./Middlewares/TraceRecorder/trcSnapshotRecorder.o
 .bss.__malloc_free_list
                0x0000000020004084        0x4 c:/st/stm32cubeide_1.4.0/stm32cubeide/plugins/com.st.stm32cube.ide.mcu.externaltools.gnu-tools-for-stm32.9-2020-q2-update.win32_2.0.0.202105311346/tools/bin/../lib/gcc/arm-none-eabi/9.3.1/../../../../arm-none-eabi/lib/thumb/v7e-m+fp/hard\libc_nano.a(lib_a-nano-mallocr.o)
                0x0000000020004084                __malloc_free_list
 .bss.__malloc_sbrk_start
                0x0000000020004088        0x4 c:/st/stm32cubeide_1.4.0/stm32cubeide/plugins/com.st.stm32cube.ide.mcu.externaltools.gnu-tools-for-stm32.9-2020-q2-update.win32_2.0.0.202105311346/tools/bin/../lib/gcc/arm-none-eabi/9.3.1/../../../../arm-none-eabi/lib/thumb/v7e-m+fp/hard\libc_nano.a(lib_a-nano-mallocr.o)
                0x0000000020004088                __malloc_sbrk_start
 *(COMMON)
 COMMON         0x000000002000408c      0xd64 ./Core/Src/main.o
                0x000000002000408c                SEM_PRINT_ID
                0x0000000020004090                Task2_NormalHandle
                0x0000000020004094                Task3_HighBuffer
                0x0000000020004494                Task3_HighControlBlock
                0x00000000200044f0                Task2_NormalBuffer
                0x00000000200048f0                defaultTaskBuffer
                0x0000000020004cf0                Task3_HighHandle
                0x0000000020004cf4                Task2_NormalControlBlock
                0x0000000020004d50                defaultTaskControlBlock
                0x0000000020004dac                huart2
                0x0000000020004dec                Task1_NormalHandle
 COMMON         0x0000000020004df0       0x40 ./Core/Src/stm32f4xx_hal_timebase_tim.o
                0x0000000020004df0                htim6
 COMMON         0x0000000020004e30        0x4 ./Drivers/STM32F4xx_HAL_Driver/Src/stm32f4xx_hal.o
                0x0000000020004e30                uwTick
 COMMON         0x0000000020004e34     0x19a6 ./Middlewares/TraceRecorder/trcSnapshotRecorder.o
                0x0000000020004e34                CurrentFilterMask
                0x0000000020004e38                RecorderDataPtr
                0x0000000020004e3c                RecorderData
                0x0000000020006740                CurrentFilterGroup
                0x0000000020006744                traceErrorMessage
                0x0000000020006748                init_hwtc_count
                0x000000002000674c                objectHandleStacks
 COMMON         0x00000000200067da        0x9 c:/st/stm32cubeide_1.4.0/stm32cubeide/plugins/com.st.stm32cube.ide.mcu.externaltools.gnu-tools-for-stm32.9-2020-q2-update.win32_2.0.0.202105311346/tools/bin/../lib/gcc/arm-none-eabi/9.3.1/../../../../arm-none-eabi/lib/thumb/v7e-m+fp/hard\libc_nano.a(lib_a-lock.o)
                0x00000000200067da                __lock___atexit_recursive_mutex
                0x00000000200067db                __lock___arc4random_mutex
                0x00000000200067dc                __lock___env_recursive_mutex
                0x00000000200067dd                __lock___sinit_recursive_mutex
                0x00000000200067de                __lock___malloc_recursive_mutex
                0x00000000200067df                __lock___at_quick_exit_mutex
                0x00000000200067e0                __lock___dd_hash_mutex
                0x00000000200067e1                __lock___tz_mutex
                0x00000000200067e2                __lock___sfp_recursive_mutex
 *fill*         0x00000000200067e3        0x1 
 COMMON         0x00000000200067e4        0x4 c:/st/stm32cubeide_1.4.0/stm32cubeide/plugins/com.st.stm32cube.ide.mcu.externaltools.gnu-tools-for-stm32.9-2020-q2-update.win32_2.0.0.202105311346/tools/bin/../lib/gcc/arm-none-eabi/9.3.1/../../../../arm-none-eabi/lib/thumb/v7e-m+fp/hard\libc_nano.a(lib_a-reent.o)
                0x00000000200067e4                errno
                0x00000000200067e8                . = ALIGN (0x4)
                0x00000000200067e8                _ebss = .
                0x00000000200067e8                __bss_end__ = _ebss

._user_heap_stack
                0x00000000200067e8      0x600 load address 0x000000000800a3e8
                0x00000000200067e8                . = ALIGN (0x8)
                [!provide]                        PROVIDE (end = .)
                0x00000000200067e8                PROVIDE (_end = .)
                0x00000000200069e8                . = (. + _Min_Heap_Size)
 *fill*         0x00000000200067e8      0x200 
                0x0000000020006de8                . = (. + _Min_Stack_Size)
 *fill*         0x00000000200069e8      0x400 
                0x0000000020006de8                . = ALIGN (0x8)

/DISCARD/
 libc.a(*)
 libm.a(*)
 libgcc.a(*)

.ARM.attributes
                0x0000000000000000       0x30
 *(.ARM.attributes)
 .ARM.attributes
                0x0000000000000000       0x1e c:/st/stm32cubeide_1.4.0/stm32cubeide/plugins/com.st.stm32cube.ide.mcu.externaltools.gnu-tools-for-stm32.9-2020-q2-update.win32_2.0.0.202105311346/tools/bin/../lib/gcc/arm-none-eabi/9.3.1/thumb/v7e-m+fp/hard/crti.o
 .ARM.attributes
                0x000000000000001e       0x34 c:/st/stm32cubeide_1.4.0/stm32cubeide/plugins/com.st.stm32cube.ide.mcu.externaltools.gnu-tools-for-stm32.9-2020-q2-update.win32_2.0.0.202105311346/tools/bin/../lib/gcc/arm-none-eabi/9.3.1/thumb/v7e-m+fp/hard/crtbegin.o
 .ARM.attributes
                0x0000000000000052       0x34 ./Core/Src/freertos.o
 .ARM.attributes
                0x0000000000000086       0x34 ./Core/Src/main.o
 .ARM.attributes
                0x00000000000000ba       0x34 ./Core/Src/stm32f4xx_hal_msp.o
 .ARM.attributes
                0x00000000000000ee       0x34 ./Core/Src/stm32f4xx_hal_timebase_tim.o
 .ARM.attributes
                0x0000000000000122       0x34 ./Core/Src/stm32f4xx_it.o
 .ARM.attributes
                0x0000000000000156       0x34 ./Core/Src/syscalls.o
 .ARM.attributes
                0x000000000000018a       0x34 ./Core/Src/sysmem.o
 .ARM.attributes
                0x00000000000001be       0x34 ./Core/Src/system_stm32f4xx.o
 .ARM.attributes
                0x00000000000001f2       0x21 ./Core/Startup/startup_stm32f446retx.o
 .ARM.attributes
                0x0000000000000213       0x34 ./Drivers/STM32F4xx_HAL_Driver/Src/stm32f4xx_hal.o
 .ARM.attributes
                0x0000000000000247       0x34 ./Drivers/STM32F4xx_HAL_Driver/Src/stm32f4xx_hal_cortex.o
 .ARM.attributes
                0x000000000000027b       0x34 ./Drivers/STM32F4xx_HAL_Driver/Src/stm32f4xx_hal_gpio.o
 .ARM.attributes
                0x00000000000002af       0x34 ./Drivers/STM32F4xx_HAL_Driver/Src/stm32f4xx_hal_rcc.o
 .ARM.attributes
                0x00000000000002e3       0x34 ./Drivers/STM32F4xx_HAL_Driver/Src/stm32f4xx_hal_rcc_ex.o
 .ARM.attributes
                0x0000000000000317       0x34 ./Drivers/STM32F4xx_HAL_Driver/Src/stm32f4xx_hal_tim.o
 .ARM.attributes
                0x000000000000034b       0x34 ./Drivers/STM32F4xx_HAL_Driver/Src/stm32f4xx_hal_tim_ex.o
 .ARM.attributes
                0x000000000000037f       0x34 ./Drivers/STM32F4xx_HAL_Driver/Src/stm32f4xx_hal_uart.o
 .ARM.attributes
                0x00000000000003b3       0x34 ./Middlewares/Third_Party/FreeRTOS/Source/CMSIS_RTOS/cmsis_os.o
 .ARM.attributes
                0x00000000000003e7       0x34 ./Middlewares/Third_Party/FreeRTOS/Source/list.o
 .ARM.attributes
                0x000000000000041b       0x34 ./Middlewares/Third_Party/FreeRTOS/Source/queue.o
 .ARM.attributes
                0x000000000000044f       0x34 ./Middlewares/Third_Party/FreeRTOS/Source/tasks.o
 .ARM.attributes
                0x0000000000000483       0x34 ./Middlewares/Third_Party/FreeRTOS/Source/portable/GCC/ARM_CM4F/port.o
 .ARM.attributes
                0x00000000000004b7       0x34 ./Middlewares/Third_Party/FreeRTOS/Source/portable/MemMang/heap_4.o
 .ARM.attributes
                0x00000000000004eb       0x34 ./Middlewares/TraceRecorder/trcKernelPort.o
 .ARM.attributes
                0x000000000000051f       0x34 ./Middlewares/TraceRecorder/trcSnapshotRecorder.o
 .ARM.attributes
                0x0000000000000553       0x34 c:/st/stm32cubeide_1.4.0/stm32cubeide/plugins/com.st.stm32cube.ide.mcu.externaltools.gnu-tools-for-stm32.9-2020-q2-update.win32_2.0.0.202105311346/tools/bin/../lib/gcc/arm-none-eabi/9.3.1/../../../../arm-none-eabi/lib/thumb/v7e-m+fp/hard\libc_nano.a(lib_a-errno.o)
 .ARM.attributes
                0x0000000000000587       0x32 c:/st/stm32cubeide_1.4.0/stm32cubeide/plugins/com.st.stm32cube.ide.mcu.externaltools.gnu-tools-for-stm32.9-2020-q2-update.win32_2.0.0.202105311346/tools/bin/../lib/gcc/arm-none-eabi/9.3.1/../../../../arm-none-eabi/lib/thumb/v7e-m+fp/hard\libc_nano.a(lib_a-impure.o)
 .ARM.attributes
                0x00000000000005b9       0x34 c:/st/stm32cubeide_1.4.0/stm32cubeide/plugins/com.st.stm32cube.ide.mcu.externaltools.gnu-tools-for-stm32.9-2020-q2-update.win32_2.0.0.202105311346/tools/bin/../lib/gcc/arm-none-eabi/9.3.1/../../../../arm-none-eabi/lib/thumb/v7e-m+fp/hard\libc_nano.a(lib_a-init.o)
 .ARM.attributes